mfrc522.c:9:15:SPI_transfer	16	static
mfrc522.c:21:9:Compare	24	static
mfrc522.c:34:9:MFRC522_Reset	8	static
mfrc522.c:55:9:MFRC522_Out_Reset	8	static
mfrc522.c:77:9:MFRC522_ReadRegister	24	static
mfrc522.c:90:9:MFRC522_Out_ReadRegister	24	static
mfrc522.c:104:6:MFRC522_WriteRegister	16	static
mfrc522.c:115:6:MFRC522_Out_WriteRegister	16	static
mfrc522.c:132:9:MFRC522_Request	48	static
mfrc522.c:151:9:MFRC522_Out_Request	48	static
mfrc522.c:175:9:MFRC522_Anticoll	48	static
mfrc522.c:205:9:MFRC522_Out_Anticoll	48	static
mfrc522.c:240:9:MFRC522_Select	48	static
mfrc522.c:269:9:MFRC522_Select_Out	48	static
mfrc522.c:303:9:MFRC522_AuthState	56	static
mfrc522.c:323:9:MFRC522_AuthState_Out	56	static
mfrc522.c:349:9:MFRC522_Read	48	static
mfrc522.c:371:9:MFRC522_Read_Out	48	static
mfrc522.c:399:9:MFRC522_Write	48	static
mfrc522.c:428:9:MFRC522_Write_Out	48	static
mfrc522.c:458:9:MFRC522_Value	48	static
mfrc522.c:501:9:MFRC522_BakValue	48	static
mfrc522.c:548:9:MFRC522_Halt	40	static
mfrc522.c:563:9:MFRC522_Out_Halt	40	static
mfrc522.c:579:6:CalulateCRC	40	static
mfrc522.c:604:6:CalulateCRCOut	40	static
mfrc522.c:630:6:SetBitMask	24	static
mfrc522.c:637:6:SetBitMaskOut	24	static
mfrc522.c:654:6:ClearBitMask	24	static
mfrc522.c:661:6:ClearBitMaskOut	24	static
mfrc522.c:670:9:MFRC522_ComMF522	40	static
mfrc522.c:748:9:MFRC522_ComMF522_Out	40	static
mfrc522.c:827:6:MFRC522_AntennaOn	16	static
mfrc522.c:835:6:MFRC522_Out_AntennaOn	16	static
mfrc522.c:844:6:MFRC522_AntennaOff	8	static
mfrc522.c:849:6:MFRC522_Out_AntennaOff	8	static
mfrc522.c:956:9:MFRC522_Check	24	static
mfrc522.c:965:9:MFRC522_Out_Check	24	static
