mfrc522-IN.c:6:15:SPI_transfer	16	static
mfrc522-IN.c:18:9:CompareID	24	static
mfrc522-IN.c:31:9:MFRC522_Reset	8	static
mfrc522-IN.c:52:9:MFRC522_Out_Reset	8	static
mfrc522-IN.c:74:9:MFRC522_ReadRegister	24	static
mfrc522-IN.c:87:9:MFRC522_Out_ReadRegister	24	static
mfrc522-IN.c:101:6:MFRC522_WriteRegister	16	static
mfrc522-IN.c:112:6:MFRC522_Out_WriteRegister	16	static
mfrc522-IN.c:129:9:MFRC522_Request	48	static
mfrc522-IN.c:148:9:MFRC522_Out_Request	48	static
mfrc522-IN.c:172:9:MFRC522_Anticoll	48	static
mfrc522-IN.c:202:9:MFRC522_Out_Anticoll	48	static
mfrc522-IN.c:237:9:MFRC522_Select	48	static
mfrc522-IN.c:273:9:MFRC522_AuthState	56	static
mfrc522-IN.c:301:9:MFRC522_Read	48	static
mfrc522-IN.c:331:9:MFRC522_Write	48	static
mfrc522-IN.c:363:9:MFRC522_Value	48	static
mfrc522-IN.c:406:9:MFRC522_BakValue	48	static
mfrc522-IN.c:453:9:MFRC522_Halt	40	static
mfrc522-IN.c:468:9:MFRC522_Out_Halt	40	static
mfrc522-IN.c:484:6:CalulateCRC	40	static
mfrc522-IN.c:509:6:CalulateCRCOut	40	static
mfrc522-IN.c:535:6:SetBitMask	24	static
mfrc522-IN.c:542:6:SetBitMaskOut	24	static
mfrc522-IN.c:559:6:ClearBitMask	24	static
mfrc522-IN.c:566:6:ClearBitMaskOut	24	static
mfrc522-IN.c:575:9:MFRC522_ComMF522	40	static
mfrc522-IN.c:653:9:MFRC522_ComMF522_Out	40	static
mfrc522-IN.c:732:6:MFRC522_AntennaOn	16	static
mfrc522-IN.c:740:6:MFRC522_Out_AntennaOn	16	static
mfrc522-IN.c:749:6:MFRC522_AntennaOff	8	static
mfrc522-IN.c:754:6:MFRC522_Out_AntennaOff	8	static
mfrc522-IN.c:819:9:MFRC522_Check	24	static
mfrc522-IN.c:828:9:MFRC522_Out_Check	24	static
