09:01:14 **** Build of configuration Debug for project MAIN ****
make -j8 all 
arm-none-eabi-gcc -o "MAIN.elf" @"objects.list"   -mcpu=cortex-m4 -T"D:\HCMUT\Do an 212\Project_STM32\MAIN\STM32F411VETX_FLASH.ld" --specs=nosys.specs -Wl,-Map="MAIN.map" -Wl,--gc-sections -static --specs=nano.specs -mfpu=fpv4-sp-d16 -mfloat-abi=hard -mthumb -Wl,--start-group -lc -lm -Wl,--end-group
Finished building target: MAIN.elf
 
arm-none-eabi-size   MAIN.elf 
arm-none-eabi-objdump -h -S  MAIN.elf  > "MAIN.list"
arm-none-eabi-objcopy  -O binary  MAIN.elf  "MAIN.bin"
   text	   data	    bss	    dec	    hex	filename
  24692	     36	   2028	  26756	   6884	MAIN.elf
Finished building: default.size.stdout
 
Finished building: MAIN.bin
 
Finished building: MAIN.list
 
09:02:51 **** Incremental Build of configuration Debug for project MAIN ****
make -j8 all 
arm-none-eabi-size   MAIN.elf 
   text	   data	    bss	    dec	    hex	filename
  24692	     36	   2028	  26756	   6884	MAIN.elf
Finished building: default.size.stdout
 
09:18:06 **** Incremental Build of configuration Debug for project MAIN ****
make -j8 all 
arm-none-eabi-size   MAIN.elf 
   text	   data	    bss	    dec	    hex	filename
  24692	     36	   2028	  26756	   6884	MAIN.elf
Finished building: default.size.stdout
 
09:18:45 **** Incremental Build of configuration Debug for project MAIN ****
make -j8 all 
arm-none-eabi-size   MAIN.elf 
   text	   data	    bss	    dec	    hex	filename
  24692	     36	   2028	  26756	   6884	MAIN.elf
Finished building: default.size.stdout
 
09:19:15 **** Incremental Build of configuration Debug for project MAIN ****
make -j8 all 
arm-none-eabi-size   MAIN.elf 
   text	   data	    bss	    dec	    hex	filename
  24692	     36	   2028	  26756	   6884	MAIN.elf
Finished building: default.size.stdout
 
09:20:10 **** Incremental Build of configuration Debug for project MAIN ****
make -j8 all 
arm-none-eabi-size   MAIN.elf 
   text	   data	    bss	    dec	    hex	filename
  24692	     36	   2028	  26756	   6884	MAIN.elf
Finished building: default.size.stdout
 
09:21:52 **** Incremental Build of configuration Debug for project MAIN ****
make -j8 all 
arm-none-eabi-size   MAIN.elf 
   text	   data	    bss	    dec	    hex	filename
  24692	     36	   2028	  26756	   6884	MAIN.elf
Finished building: default.size.stdout
 
09:22:43 **** Incremental Build of configuration Debug for project MAIN ****
make -j8 all 
arm-none-eabi-size   MAIN.elf 
   text	   data	    bss	    dec	    hex	filename
  24692	     36	   2028	  26756	   6884	MAIN.elf
Finished building: default.size.stdout
 
09:24:23 **** Incremental Build of configuration Debug for project MAIN ****
make -j8 all 
arm-none-eabi-size   MAIN.elf 
   text	   data	    bss	    dec	    hex	filename
  24692	     36	   2028	  26756	   6884	MAIN.elf
Finished building: default.size.stdout
 
09:30:19 **** Incremental Build of configuration Debug for project MAIN ****
make -j8 all 
arm-none-eabi-size   MAIN.elf 
   text	   data	    bss	    dec	    hex	filename
  24692	     36	   2028	  26756	   6884	MAIN.elf
Finished building: default.size.stdout
 
09:36:59 **** Incremental Build of configuration Debug for project MAIN ****
make -j8 all 
arm-none-eabi-size   MAIN.elf 
   text	   data	    bss	    dec	    hex	filename
  24692	     36	   2028	  26756	   6884	MAIN.elf
Finished building: default.size.stdout
 
09:38:36 **** Incremental Build of configuration Debug for project MAIN ****
make -j8 all 
arm-none-eabi-size   MAIN.elf 
   text	   data	    bss	    dec	    hex	filename
  24692	     36	   2028	  26756	   6884	MAIN.elf
Finished building: default.size.stdout
 
09:40:40 **** Incremental Build of configuration Debug for project MAIN ****
make -j8 all 
arm-none-eabi-size   MAIN.elf 
   text	   data	    bss	    dec	    hex	filename
  24692	     36	   2028	  26756	   6884	MAIN.elf
Finished building: default.size.stdout
 
11:11:51 **** Incremental Build of configuration Debug for project MAIN ****
make -j8 all 
arm-none-eabi-size   MAIN.elf 
   text	   data	    bss	    dec	    hex	filename
  24692	     36	   2028	  26756	   6884	MAIN.elf
Finished building: default.size.stdout
 
