20:04:19 **** Incremental Build of configuration Debug for project MAIN ****
make -j8 all 
arm-none-eabi-gcc "../Core/Src/main.c" -mcpu=cortex-m4 -std=gnu11 -g3 -DDEBUG -DUSE_HAL_DRIVER -DSTM32F411xE -c -I../Core/Inc -I../Drivers/STM32F4xx_HAL_Driver/Inc -I../Drivers/STM32F4xx_HAL_Driver/Inc/Legacy -I../Drivers/CMSIS/Device/ST/STM32F4xx/Include -I../Drivers/CMSIS/Include -O0 -ffunction-sections -fdata-sections -Wall -fstack-usage -MMD -MP -MF"Core/Src/main.d" -MT"Core/Src/main.o" --specs=nano.specs -mfpu=fpv4-sp-d16 -mfloat-abi=hard -mthumb -o "Core/Src/main.o"
../Core/Src/main.c: In function 'main':
../Core/Src/main.c:199:11: warning: comparison between pointer and integer
  199 |      if(c != "D" && c != "E")
      |           ^~
../Core/Src/main.c:199:11: warning: comparison with string literal results in unspecified behavior [-Waddress]
../Core/Src/main.c:199:23: warning: comparison between pointer and integer
  199 |      if(c != "D" && c != "E")
      |                       ^~
../Core/Src/main.c:199:23: warning: comparison with string literal results in unspecified behavior [-Waddress]
../Core/Src/main.c:254:11: warning: comparison between pointer and integer
  254 |      if(c != "D" && c != "E")
      |           ^~
../Core/Src/main.c:254:11: warning: comparison with string literal results in unspecified behavior [-Waddress]
../Core/Src/main.c:254:23: warning: comparison between pointer and integer
  254 |      if(c != "D" && c != "E")
      |                       ^~
../Core/Src/main.c:254:23: warning: comparison with string literal results in unspecified behavior [-Waddress]
arm-none-eabi-gcc -o "MAIN.elf" @"objects.list"   -mcpu=cortex-m4 -T"D:\HCMUT\Do an 212\Project\MAIN\STM32F411VETX_FLASH.ld" --specs=nosys.specs -Wl,-Map="MAIN.map" -Wl,--gc-sections -static --specs=nano.specs -mfpu=fpv4-sp-d16 -mfloat-abi=hard -mthumb -Wl,--start-group -lc -lm -Wl,--end-group
Finished building target: MAIN.elf
 
arm-none-eabi-size   MAIN.elf 
arm-none-eabi-objdump -h -S  MAIN.elf  > "MAIN.list"
arm-none-eabi-objcopy  -O binary  MAIN.elf  "MAIN.bin"
   text	   data	    bss	    dec	    hex	filename
  24636	     36	   2028	  26700	   684c	MAIN.elf
Finished building: default.size.stdout
 
Finished building: MAIN.bin
 
Finished building: MAIN.list
 
20:04:30 **** Incremental Build of configuration Debug for project MAIN ****
make -j8 all 
arm-none-eabi-gcc "../Core/Src/main.c" -mcpu=cortex-m4 -std=gnu11 -g3 -DDEBUG -DUSE_HAL_DRIVER -DSTM32F411xE -c -I../Core/Inc -I../Drivers/STM32F4xx_HAL_Driver/Inc -I../Drivers/STM32F4xx_HAL_Driver/Inc/Legacy -I../Drivers/CMSIS/Device/ST/STM32F4xx/Include -I../Drivers/CMSIS/Include -O0 -ffunction-sections -fdata-sections -Wall -fstack-usage -MMD -MP -MF"Core/Src/main.d" -MT"Core/Src/main.o" --specs=nano.specs -mfpu=fpv4-sp-d16 -mfloat-abi=hard -mthumb -o "Core/Src/main.o"
../Core/Src/main.c: In function 'main':
../Core/Src/main.c:199:11: warning: comparison between pointer and integer
  199 |      if(c != "D" && c != "E")
      |           ^~
../Core/Src/main.c:199:11: warning: comparison with string literal results in unspecified behavior [-Waddress]
../Core/Src/main.c:199:23: warning: comparison between pointer and integer
  199 |      if(c != "D" && c != "E")
      |                       ^~
../Core/Src/main.c:199:23: warning: comparison with string literal results in unspecified behavior [-Waddress]
../Core/Src/main.c:254:11: warning: comparison between pointer and integer
  254 |      if(c != "D" && c != "E")
      |           ^~
../Core/Src/main.c:254:11: warning: comparison with string literal results in unspecified behavior [-Waddress]
../Core/Src/main.c:254:23: warning: comparison between pointer and integer
  254 |      if(c != "D" && c != "E")
      |                       ^~
../Core/Src/main.c:254:23: warning: comparison with string literal results in unspecified behavior [-Waddress]
arm-none-eabi-gcc -o "MAIN.elf" @"objects.list"   -mcpu=cortex-m4 -T"D:\HCMUT\Do an 212\Project\MAIN\STM32F411VETX_FLASH.ld" --specs=nosys.specs -Wl,-Map="MAIN.map" -Wl,--gc-sections -static --specs=nano.specs -mfpu=fpv4-sp-d16 -mfloat-abi=hard -mthumb -Wl,--start-group -lc -lm -Wl,--end-group
Finished building target: MAIN.elf
 
arm-none-eabi-size   MAIN.elf 
arm-none-eabi-objdump -h -S  MAIN.elf  > "MAIN.list"
arm-none-eabi-objcopy  -O binary  MAIN.elf  "MAIN.bin"
   text	   data	    bss	    dec	    hex	filename
  24636	     36	   2028	  26700	   684c	MAIN.elf
Finished building: default.size.stdout
 
Finished building: MAIN.bin
 
Finished building: MAIN.list
 
20:04:31 **** Incremental Build of configuration Debug for project Test_RC522 ****
make -j8 all 
arm-none-eabi-size   Test_RC522.elf 
   text	   data	    bss	    dec	    hex	filename
  11112	     20	   1868	  13000	   32c8	Test_RC522.elf
Finished building: default.size.stdout
 
20:04:52 **** Incremental Build of configuration Debug for project MAIN ****
make -j8 all 
arm-none-eabi-gcc "../Core/Src/main.c" -mcpu=cortex-m4 -std=gnu11 -g3 -DDEBUG -DUSE_HAL_DRIVER -DSTM32F411xE -c -I../Core/Inc -I../Drivers/STM32F4xx_HAL_Driver/Inc -I../Drivers/STM32F4xx_HAL_Driver/Inc/Legacy -I../Drivers/CMSIS/Device/ST/STM32F4xx/Include -I../Drivers/CMSIS/Include -O0 -ffunction-sections -fdata-sections -Wall -fstack-usage -MMD -MP -MF"Core/Src/main.d" -MT"Core/Src/main.o" --specs=nano.specs -mfpu=fpv4-sp-d16 -mfloat-abi=hard -mthumb -o "Core/Src/main.o"
../Core/Src/main.c: In function 'main':
../Core/Src/main.c:199:11: warning: comparison between pointer and integer
  199 |      if(c != "D" && c != "E")
      |           ^~
../Core/Src/main.c:199:11: warning: comparison with string literal results in unspecified behavior [-Waddress]
../Core/Src/main.c:199:23: warning: comparison between pointer and integer
  199 |      if(c != "D" && c != "E")
      |                       ^~
../Core/Src/main.c:199:23: warning: comparison with string literal results in unspecified behavior [-Waddress]
../Core/Src/main.c:253:11: warning: comparison between pointer and integer
  253 |      if(c != "D" && c != "E")
      |           ^~
../Core/Src/main.c:253:11: warning: comparison with string literal results in unspecified behavior [-Waddress]
../Core/Src/main.c:253:23: warning: comparison between pointer and integer
  253 |      if(c != "D" && c != "E")
      |                       ^~
../Core/Src/main.c:253:23: warning: comparison with string literal results in unspecified behavior [-Waddress]
arm-none-eabi-gcc -o "MAIN.elf" @"objects.list"   -mcpu=cortex-m4 -T"D:\HCMUT\Do an 212\Project\MAIN\STM32F411VETX_FLASH.ld" --specs=nosys.specs -Wl,-Map="MAIN.map" -Wl,--gc-sections -static --specs=nano.specs -mfpu=fpv4-sp-d16 -mfloat-abi=hard -mthumb -Wl,--start-group -lc -lm -Wl,--end-group
Finished building target: MAIN.elf
 
arm-none-eabi-size   MAIN.elf 
arm-none-eabi-objdump -h -S  MAIN.elf  > "MAIN.list"
arm-none-eabi-objcopy  -O binary  MAIN.elf  "MAIN.bin"
   text	   data	    bss	    dec	    hex	filename
  24636	     36	   2028	  26700	   684c	MAIN.elf
Finished building: default.size.stdout
 
Finished building: MAIN.bin
 
Finished building: MAIN.list
 
20:08:29 **** Incremental Build of configuration Debug for project MAIN ****
make -j8 all 
arm-none-eabi-gcc "../Core/Src/main.c" -mcpu=cortex-m4 -std=gnu11 -g3 -DDEBUG -DUSE_HAL_DRIVER -DSTM32F411xE -c -I../Core/Inc -I../Drivers/STM32F4xx_HAL_Driver/Inc -I../Drivers/STM32F4xx_HAL_Driver/Inc/Legacy -I../Drivers/CMSIS/Device/ST/STM32F4xx/Include -I../Drivers/CMSIS/Include -O0 -ffunction-sections -fdata-sections -Wall -fstack-usage -MMD -MP -MF"Core/Src/main.d" -MT"Core/Src/main.o" --specs=nano.specs -mfpu=fpv4-sp-d16 -mfloat-abi=hard -mthumb -o "Core/Src/main.o"
../Core/Src/main.c: In function 'main':
../Core/Src/main.c:199:11: warning: comparison between pointer and integer
  199 |      if(c != "D" && c != "E")
      |           ^~
../Core/Src/main.c:199:11: warning: comparison with string literal results in unspecified behavior [-Waddress]
../Core/Src/main.c:199:23: warning: comparison between pointer and integer
  199 |      if(c != "D" && c != "E")
      |                       ^~
../Core/Src/main.c:199:23: warning: comparison with string literal results in unspecified behavior [-Waddress]
../Core/Src/main.c:253:11: warning: comparison between pointer and integer
  253 |      if(c != "D" && c != "E")
      |           ^~
../Core/Src/main.c:253:11: warning: comparison with string literal results in unspecified behavior [-Waddress]
../Core/Src/main.c:253:23: warning: comparison between pointer and integer
  253 |      if(c != "D" && c != "E")
      |                       ^~
../Core/Src/main.c:253:23: warning: comparison with string literal results in unspecified behavior [-Waddress]
arm-none-eabi-gcc -o "MAIN.elf" @"objects.list"   -mcpu=cortex-m4 -T"D:\HCMUT\Do an 212\Project\MAIN\STM32F411VETX_FLASH.ld" --specs=nosys.specs -Wl,-Map="MAIN.map" -Wl,--gc-sections -static --specs=nano.specs -mfpu=fpv4-sp-d16 -mfloat-abi=hard -mthumb -Wl,--start-group -lc -lm -Wl,--end-group
Finished building target: MAIN.elf
 
arm-none-eabi-size   MAIN.elf 
arm-none-eabi-objdump -h -S  MAIN.elf  > "MAIN.list"
arm-none-eabi-objcopy  -O binary  MAIN.elf  "MAIN.bin"
   text	   data	    bss	    dec	    hex	filename
  24648	     36	   2028	  26712	   6858	MAIN.elf
Finished building: default.size.stdout
 
Finished building: MAIN.bin
 
Finished building: MAIN.list
 
20:11:02 **** Incremental Build of configuration Debug for project MAIN ****
make -j8 all 
arm-none-eabi-gcc "../Core/Src/main.c" -mcpu=cortex-m4 -std=gnu11 -g3 -DDEBUG -DUSE_HAL_DRIVER -DSTM32F411xE -c -I../Core/Inc -I../Drivers/STM32F4xx_HAL_Driver/Inc -I../Drivers/STM32F4xx_HAL_Driver/Inc/Legacy -I../Drivers/CMSIS/Device/ST/STM32F4xx/Include -I../Drivers/CMSIS/Include -O0 -ffunction-sections -fdata-sections -Wall -fstack-usage -MMD -MP -MF"Core/Src/main.d" -MT"Core/Src/main.o" --specs=nano.specs -mfpu=fpv4-sp-d16 -mfloat-abi=hard -mthumb -o "Core/Src/main.o"
../Core/Src/main.c: In function 'main':
../Core/Src/main.c:199:11: warning: comparison between pointer and integer
  199 |      if(c != "D" && c != "E")
      |           ^~
../Core/Src/main.c:199:11: warning: comparison with string literal results in unspecified behavior [-Waddress]
../Core/Src/main.c:199:23: warning: comparison between pointer and integer
  199 |      if(c != "D" && c != "E")
      |                       ^~
../Core/Src/main.c:199:23: warning: comparison with string literal results in unspecified behavior [-Waddress]
../Core/Src/main.c:252:11: warning: comparison between pointer and integer
  252 |      if(c != "D" && c != "E")
      |           ^~
../Core/Src/main.c:252:11: warning: comparison with string literal results in unspecified behavior [-Waddress]
../Core/Src/main.c:252:23: warning: comparison between pointer and integer
  252 |      if(c != "D" && c != "E")
      |                       ^~
../Core/Src/main.c:252:23: warning: comparison with string literal results in unspecified behavior [-Waddress]
arm-none-eabi-gcc -o "MAIN.elf" @"objects.list"   -mcpu=cortex-m4 -T"D:\HCMUT\Do an 212\Project\MAIN\STM32F411VETX_FLASH.ld" --specs=nosys.specs -Wl,-Map="MAIN.map" -Wl,--gc-sections -static --specs=nano.specs -mfpu=fpv4-sp-d16 -mfloat-abi=hard -mthumb -Wl,--start-group -lc -lm -Wl,--end-group
Finished building target: MAIN.elf
 
arm-none-eabi-size   MAIN.elf 
arm-none-eabi-objdump -h -S  MAIN.elf  > "MAIN.list"
arm-none-eabi-objcopy  -O binary  MAIN.elf  "MAIN.bin"
   text	   data	    bss	    dec	    hex	filename
  24688	     36	   2028	  26752	   6880	MAIN.elf
Finished building: default.size.stdout
 
Finished building: MAIN.bin
 
Finished building: MAIN.list
 
20:12:54 **** Incremental Build of configuration Debug for project MAIN ****
make -j8 all 
arm-none-eabi-gcc "../Core/Src/main.c" -mcpu=cortex-m4 -std=gnu11 -g3 -DDEBUG -DUSE_HAL_DRIVER -DSTM32F411xE -c -I../Core/Inc -I../Drivers/STM32F4xx_HAL_Driver/Inc -I../Drivers/STM32F4xx_HAL_Driver/Inc/Legacy -I../Drivers/CMSIS/Device/ST/STM32F4xx/Include -I../Drivers/CMSIS/Include -O0 -ffunction-sections -fdata-sections -Wall -fstack-usage -MMD -MP -MF"Core/Src/main.d" -MT"Core/Src/main.o" --specs=nano.specs -mfpu=fpv4-sp-d16 -mfloat-abi=hard -mthumb -o "Core/Src/main.o"
../Core/Src/main.c: In function 'main':
../Core/Src/main.c:199:11: warning: comparison between pointer and integer
  199 |      if(c != "D" && c != "E")
      |           ^~
../Core/Src/main.c:199:11: warning: comparison with string literal results in unspecified behavior [-Waddress]
../Core/Src/main.c:199:23: warning: comparison between pointer and integer
  199 |      if(c != "D" && c != "E")
      |                       ^~
../Core/Src/main.c:199:23: warning: comparison with string literal results in unspecified behavior [-Waddress]
../Core/Src/main.c:252:11: warning: comparison between pointer and integer
  252 |      if(c != "D" && c != "E")
      |           ^~
../Core/Src/main.c:252:11: warning: comparison with string literal results in unspecified behavior [-Waddress]
../Core/Src/main.c:252:23: warning: comparison between pointer and integer
  252 |      if(c != "D" && c != "E")
      |                       ^~
../Core/Src/main.c:252:23: warning: comparison with string literal results in unspecified behavior [-Waddress]
arm-none-eabi-gcc -o "MAIN.elf" @"objects.list"   -mcpu=cortex-m4 -T"D:\HCMUT\Do an 212\Project\MAIN\STM32F411VETX_FLASH.ld" --specs=nosys.specs -Wl,-Map="MAIN.map" -Wl,--gc-sections -static --specs=nano.specs -mfpu=fpv4-sp-d16 -mfloat-abi=hard -mthumb -Wl,--start-group -lc -lm -Wl,--end-group
Finished building target: MAIN.elf
 
arm-none-eabi-size   MAIN.elf 
arm-none-eabi-objdump -h -S  MAIN.elf  > "MAIN.list"
arm-none-eabi-objcopy  -O binary  MAIN.elf  "MAIN.bin"
   text	   data	    bss	    dec	    hex	filename
  24680	     36	   2028	  26744	   6878	MAIN.elf
Finished building: default.size.stdout
 
Finished building: MAIN.bin
 
Finished building: MAIN.list
 
20:14:51 **** Incremental Build of configuration Debug for project MAIN ****
make -j8 all 
arm-none-eabi-gcc "../Core/Src/main.c" -mcpu=cortex-m4 -std=gnu11 -g3 -DDEBUG -DUSE_HAL_DRIVER -DSTM32F411xE -c -I../Core/Inc -I../Drivers/STM32F4xx_HAL_Driver/Inc -I../Drivers/STM32F4xx_HAL_Driver/Inc/Legacy -I../Drivers/CMSIS/Device/ST/STM32F4xx/Include -I../Drivers/CMSIS/Include -O0 -ffunction-sections -fdata-sections -Wall -fstack-usage -MMD -MP -MF"Core/Src/main.d" -MT"Core/Src/main.o" --specs=nano.specs -mfpu=fpv4-sp-d16 -mfloat-abi=hard -mthumb -o "Core/Src/main.o"
../Core/Src/main.c: In function 'main':
../Core/Src/main.c:199:11: warning: comparison between pointer and integer
  199 |      if(c != "D" && c != "E")
      |           ^~
../Core/Src/main.c:199:11: warning: comparison with string literal results in unspecified behavior [-Waddress]
../Core/Src/main.c:199:23: warning: comparison between pointer and integer
  199 |      if(c != "D" && c != "E")
      |                       ^~
../Core/Src/main.c:199:23: warning: comparison with string literal results in unspecified behavior [-Waddress]
../Core/Src/main.c:252:11: warning: comparison between pointer and integer
  252 |      if(c != "D" && c != "E")
      |           ^~
../Core/Src/main.c:252:11: warning: comparison with string literal results in unspecified behavior [-Waddress]
../Core/Src/main.c:252:23: warning: comparison between pointer and integer
  252 |      if(c != "D" && c != "E")
      |                       ^~
../Core/Src/main.c:252:23: warning: comparison with string literal results in unspecified behavior [-Waddress]
arm-none-eabi-gcc -o "MAIN.elf" @"objects.list"   -mcpu=cortex-m4 -T"D:\HCMUT\Do an 212\Project\MAIN\STM32F411VETX_FLASH.ld" --specs=nosys.specs -Wl,-Map="MAIN.map" -Wl,--gc-sections -static --specs=nano.specs -mfpu=fpv4-sp-d16 -mfloat-abi=hard -mthumb -Wl,--start-group -lc -lm -Wl,--end-group
Finished building target: MAIN.elf
 
arm-none-eabi-size   MAIN.elf 
arm-none-eabi-objdump -h -S  MAIN.elf  > "MAIN.list"
arm-none-eabi-objcopy  -O binary  MAIN.elf  "MAIN.bin"
   text	   data	    bss	    dec	    hex	filename
  24740	     36	   2028	  26804	   68b4	MAIN.elf
Finished building: default.size.stdout
 
Finished building: MAIN.bin
 
Finished building: MAIN.list
 
20:16:26 **** Incremental Build of configuration Debug for project MAIN ****
make -j8 all 
arm-none-eabi-size   MAIN.elf 
   text	   data	    bss	    dec	    hex	filename
  24740	     36	   2028	  26804	   68b4	MAIN.elf
Finished building: default.size.stdout
 
20:18:27 **** Incremental Build of configuration Debug for project MAIN ****
make -j8 all 
arm-none-eabi-gcc "../Core/Src/main.c" -mcpu=cortex-m4 -std=gnu11 -g3 -DDEBUG -DUSE_HAL_DRIVER -DSTM32F411xE -c -I../Core/Inc -I../Drivers/STM32F4xx_HAL_Driver/Inc -I../Drivers/STM32F4xx_HAL_Driver/Inc/Legacy -I../Drivers/CMSIS/Device/ST/STM32F4xx/Include -I../Drivers/CMSIS/Include -O0 -ffunction-sections -fdata-sections -Wall -fstack-usage -MMD -MP -MF"Core/Src/main.d" -MT"Core/Src/main.o" --specs=nano.specs -mfpu=fpv4-sp-d16 -mfloat-abi=hard -mthumb -o "Core/Src/main.o"
../Core/Src/main.c: In function 'main':
../Core/Src/main.c:199:11: warning: comparison between pointer and integer
  199 |      if(c != "D" && c != "E")
      |           ^~
../Core/Src/main.c:199:11: warning: comparison with string literal results in unspecified behavior [-Waddress]
../Core/Src/main.c:199:23: warning: comparison between pointer and integer
  199 |      if(c != "D" && c != "E")
      |                       ^~
../Core/Src/main.c:199:23: warning: comparison with string literal results in unspecified behavior [-Waddress]
../Core/Src/main.c:252:11: warning: comparison between pointer and integer
  252 |      if(c != "D" && c != "E")
      |           ^~
../Core/Src/main.c:252:11: warning: comparison with string literal results in unspecified behavior [-Waddress]
../Core/Src/main.c:252:23: warning: comparison between pointer and integer
  252 |      if(c != "D" && c != "E")
      |                       ^~
../Core/Src/main.c:252:23: warning: comparison with string literal results in unspecified behavior [-Waddress]
arm-none-eabi-gcc -o "MAIN.elf" @"objects.list"   -mcpu=cortex-m4 -T"D:\HCMUT\Do an 212\Project\MAIN\STM32F411VETX_FLASH.ld" --specs=nosys.specs -Wl,-Map="MAIN.map" -Wl,--gc-sections -static --specs=nano.specs -mfpu=fpv4-sp-d16 -mfloat-abi=hard -mthumb -Wl,--start-group -lc -lm -Wl,--end-group
Finished building target: MAIN.elf
 
arm-none-eabi-size   MAIN.elf 
arm-none-eabi-objdump -h -S  MAIN.elf  > "MAIN.list"
arm-none-eabi-objcopy  -O binary  MAIN.elf  "MAIN.bin"
   text	   data	    bss	    dec	    hex	filename
  24616	     36	   2028	  26680	   6838	MAIN.elf
Finished building: default.size.stdout
 
Finished building: MAIN.bin
 
Finished building: MAIN.list
 
20:36:01 **** Incremental Build of configuration Debug for project MAIN ****
make -j8 all 
arm-none-eabi-gcc "../Core/Src/main.c" -mcpu=cortex-m4 -std=gnu11 -g3 -DDEBUG -DUSE_HAL_DRIVER -DSTM32F411xE -c -I../Core/Inc -I../Drivers/STM32F4xx_HAL_Driver/Inc -I../Drivers/STM32F4xx_HAL_Driver/Inc/Legacy -I../Drivers/CMSIS/Device/ST/STM32F4xx/Include -I../Drivers/CMSIS/Include -O0 -ffunction-sections -fdata-sections -Wall -fstack-usage -MMD -MP -MF"Core/Src/main.d" -MT"Core/Src/main.o" --specs=nano.specs -mfpu=fpv4-sp-d16 -mfloat-abi=hard -mthumb -o "Core/Src/main.o"
../Core/Src/main.c: In function 'main':
../Core/Src/main.c:201:11: warning: comparison between pointer and integer
  201 |      if(c != "D" && c != "E")
      |           ^~
../Core/Src/main.c:201:11: warning: comparison with string literal results in unspecified behavior [-Waddress]
../Core/Src/main.c:201:23: warning: comparison between pointer and integer
  201 |      if(c != "D" && c != "E")
      |                       ^~
../Core/Src/main.c:201:23: warning: comparison with string literal results in unspecified behavior [-Waddress]
../Core/Src/main.c:255:11: warning: comparison between pointer and integer
  255 |      if(c != "D" && c != "E")
      |           ^~
../Core/Src/main.c:255:11: warning: comparison with string literal results in unspecified behavior [-Waddress]
../Core/Src/main.c:255:23: warning: comparison between pointer and integer
  255 |      if(c != "D" && c != "E")
      |                       ^~
../Core/Src/main.c:255:23: warning: comparison with string literal results in unspecified behavior [-Waddress]
arm-none-eabi-gcc -o "MAIN.elf" @"objects.list"   -mcpu=cortex-m4 -T"D:\HCMUT\Do an 212\Project\MAIN\STM32F411VETX_FLASH.ld" --specs=nosys.specs -Wl,-Map="MAIN.map" -Wl,--gc-sections -static --specs=nano.specs -mfpu=fpv4-sp-d16 -mfloat-abi=hard -mthumb -Wl,--start-group -lc -lm -Wl,--end-group
Finished building target: MAIN.elf
 
arm-none-eabi-size   MAIN.elf 
arm-none-eabi-objdump -h -S  MAIN.elf  > "MAIN.list"
arm-none-eabi-objcopy  -O binary  MAIN.elf  "MAIN.bin"
   text	   data	    bss	    dec	    hex	filename
  24696	     36	   2028	  26760	   6888	MAIN.elf
Finished building: default.size.stdout
 
Finished building: MAIN.bin
 
Finished building: MAIN.list
 
20:40:58 **** Incremental Build of configuration Debug for project MAIN ****
make -j8 all 
arm-none-eabi-gcc "../Core/Src/main.c" -mcpu=cortex-m4 -std=gnu11 -g3 -DDEBUG -DUSE_HAL_DRIVER -DSTM32F411xE -c -I../Core/Inc -I../Drivers/STM32F4xx_HAL_Driver/Inc -I../Drivers/STM32F4xx_HAL_Driver/Inc/Legacy -I../Drivers/CMSIS/Device/ST/STM32F4xx/Include -I../Drivers/CMSIS/Include -O0 -ffunction-sections -fdata-sections -Wall -fstack-usage -MMD -MP -MF"Core/Src/main.d" -MT"Core/Src/main.o" --specs=nano.specs -mfpu=fpv4-sp-d16 -mfloat-abi=hard -mthumb -o "Core/Src/main.o"
../Core/Src/main.c: In function 'main':
../Core/Src/main.c:201:11: warning: comparison between pointer and integer
  201 |      if(c != "D" && c != "E")
      |           ^~
../Core/Src/main.c:201:11: warning: comparison with string literal results in unspecified behavior [-Waddress]
../Core/Src/main.c:201:23: warning: comparison between pointer and integer
  201 |      if(c != "D" && c != "E")
      |                       ^~
../Core/Src/main.c:201:23: warning: comparison with string literal results in unspecified behavior [-Waddress]
../Core/Src/main.c:254:11: warning: comparison between pointer and integer
  254 |      if(c != "D" && c != "E")
      |           ^~
../Core/Src/main.c:254:11: warning: comparison with string literal results in unspecified behavior [-Waddress]
../Core/Src/main.c:254:23: warning: comparison between pointer and integer
  254 |      if(c != "D" && c != "E")
      |                       ^~
../Core/Src/main.c:254:23: warning: comparison with string literal results in unspecified behavior [-Waddress]
arm-none-eabi-gcc -o "MAIN.elf" @"objects.list"   -mcpu=cortex-m4 -T"D:\HCMUT\Do an 212\Project\MAIN\STM32F411VETX_FLASH.ld" --specs=nosys.specs -Wl,-Map="MAIN.map" -Wl,--gc-sections -static --specs=nano.specs -mfpu=fpv4-sp-d16 -mfloat-abi=hard -mthumb -Wl,--start-group -lc -lm -Wl,--end-group
Finished building target: MAIN.elf
 
arm-none-eabi-size   MAIN.elf 
arm-none-eabi-objdump -h -S  MAIN.elf  > "MAIN.list"
arm-none-eabi-objcopy  -O binary  MAIN.elf  "MAIN.bin"
   text	   data	    bss	    dec	    hex	filename
  24692	     36	   2028	  26756	   6884	MAIN.elf
Finished building: default.size.stdout
 
Finished building: MAIN.bin
 
Finished building: MAIN.list
 
