Archive member included to satisfy reference by file (symbol)

c:/st/stm32cubeide_1.8.0/stm32cubeide/plugins/com.st.stm32cube.ide.mcu.externaltools.gnu-tools-for-stm32.9-2020-q2-update.win32_2.0.0.202105311346/tools/bin/../lib/gcc/arm-none-eabi/9.3.1/../../../../arm-none-eabi/lib/thumb/v7e-m+fp/hard\libc_nano.a(lib_a-errno.o)
                              ./Core/Src/syscalls.o (__errno)
c:/st/stm32cubeide_1.8.0/stm32cubeide/plugins/com.st.stm32cube.ide.mcu.externaltools.gnu-tools-for-stm32.9-2020-q2-update.win32_2.0.0.202105311346/tools/bin/../lib/gcc/arm-none-eabi/9.3.1/../../../../arm-none-eabi/lib/thumb/v7e-m+fp/hard\libc_nano.a(lib_a-exit.o)
                              c:/st/stm32cubeide_1.8.0/stm32cubeide/plugins/com.st.stm32cube.ide.mcu.externaltools.gnu-tools-for-stm32.9-2020-q2-update.win32_2.0.0.202105311346/tools/bin/../lib/gcc/arm-none-eabi/9.3.1/../../../../arm-none-eabi/lib/thumb/v7e-m+fp/hard/crt0.o (exit)
c:/st/stm32cubeide_1.8.0/stm32cubeide/plugins/com.st.stm32cube.ide.mcu.externaltools.gnu-tools-for-stm32.9-2020-q2-update.win32_2.0.0.202105311346/tools/bin/../lib/gcc/arm-none-eabi/9.3.1/../../../../arm-none-eabi/lib/thumb/v7e-m+fp/hard\libc_nano.a(lib_a-impure.o)
                              c:/st/stm32cubeide_1.8.0/stm32cubeide/plugins/com.st.stm32cube.ide.mcu.externaltools.gnu-tools-for-stm32.9-2020-q2-update.win32_2.0.0.202105311346/tools/bin/../lib/gcc/arm-none-eabi/9.3.1/../../../../arm-none-eabi/lib/thumb/v7e-m+fp/hard\libc_nano.a(lib_a-exit.o) (_global_impure_ptr)
c:/st/stm32cubeide_1.8.0/stm32cubeide/plugins/com.st.stm32cube.ide.mcu.externaltools.gnu-tools-for-stm32.9-2020-q2-update.win32_2.0.0.202105311346/tools/bin/../lib/gcc/arm-none-eabi/9.3.1/../../../../arm-none-eabi/lib/thumb/v7e-m+fp/hard\libc_nano.a(lib_a-init.o)
                              c:/st/stm32cubeide_1.8.0/stm32cubeide/plugins/com.st.stm32cube.ide.mcu.externaltools.gnu-tools-for-stm32.9-2020-q2-update.win32_2.0.0.202105311346/tools/bin/../lib/gcc/arm-none-eabi/9.3.1/../../../../arm-none-eabi/lib/thumb/v7e-m+fp/hard/crt0.o (__libc_init_array)
c:/st/stm32cubeide_1.8.0/stm32cubeide/plugins/com.st.stm32cube.ide.mcu.externaltools.gnu-tools-for-stm32.9-2020-q2-update.win32_2.0.0.202105311346/tools/bin/../lib/gcc/arm-none-eabi/9.3.1/../../../../arm-none-eabi/lib/thumb/v7e-m+fp/hard\libc_nano.a(lib_a-memset.o)
                              c:/st/stm32cubeide_1.8.0/stm32cubeide/plugins/com.st.stm32cube.ide.mcu.externaltools.gnu-tools-for-stm32.9-2020-q2-update.win32_2.0.0.202105311346/tools/bin/../lib/gcc/arm-none-eabi/9.3.1/../../../../arm-none-eabi/lib/thumb/v7e-m+fp/hard/crt0.o (memset)
c:/st/stm32cubeide_1.8.0/stm32cubeide/plugins/com.st.stm32cube.ide.mcu.externaltools.gnu-tools-for-stm32.9-2020-q2-update.win32_2.0.0.202105311346/tools/bin/../lib/gcc/arm-none-eabi/9.3.1/thumb/v7e-m+fp/hard\libgcc.a(_aeabi_uldivmod.o)
                              ./Drivers/STM32F4xx_HAL_Driver/Src/stm32f4xx_hal_rcc.o (__aeabi_uldivmod)
c:/st/stm32cubeide_1.8.0/stm32cubeide/plugins/com.st.stm32cube.ide.mcu.externaltools.gnu-tools-for-stm32.9-2020-q2-update.win32_2.0.0.202105311346/tools/bin/../lib/gcc/arm-none-eabi/9.3.1/thumb/v7e-m+fp/hard\libgcc.a(_udivmoddi4.o)
                              c:/st/stm32cubeide_1.8.0/stm32cubeide/plugins/com.st.stm32cube.ide.mcu.externaltools.gnu-tools-for-stm32.9-2020-q2-update.win32_2.0.0.202105311346/tools/bin/../lib/gcc/arm-none-eabi/9.3.1/thumb/v7e-m+fp/hard\libgcc.a(_aeabi_uldivmod.o) (__udivmoddi4)
c:/st/stm32cubeide_1.8.0/stm32cubeide/plugins/com.st.stm32cube.ide.mcu.externaltools.gnu-tools-for-stm32.9-2020-q2-update.win32_2.0.0.202105311346/tools/bin/../lib/gcc/arm-none-eabi/9.3.1/thumb/v7e-m+fp/hard\libgcc.a(_dvmd_tls.o)
                              c:/st/stm32cubeide_1.8.0/stm32cubeide/plugins/com.st.stm32cube.ide.mcu.externaltools.gnu-tools-for-stm32.9-2020-q2-update.win32_2.0.0.202105311346/tools/bin/../lib/gcc/arm-none-eabi/9.3.1/thumb/v7e-m+fp/hard\libgcc.a(_aeabi_uldivmod.o) (__aeabi_ldiv0)

Allocating common symbols
Common symbol       size              file

hspi2               0x58              ./Core/Src/MFRC522.o
uwTick              0x4               ./Drivers/STM32F4xx_HAL_Driver/Src/stm32f4xx_hal.o
pFlash              0x20              ./Drivers/STM32F4xx_HAL_Driver/Src/stm32f4xx_hal_flash.o
htim3               0x48              ./Core/Src/main.o
huart1              0x44              ./Core/Src/usart.o
htim11              0x48              ./Core/Src/tim.o

Discarded input sections

 .text          0x0000000000000000        0x0 c:/st/stm32cubeide_1.8.0/stm32cubeide/plugins/com.st.stm32cube.ide.mcu.externaltools.gnu-tools-for-stm32.9-2020-q2-update.win32_2.0.0.202105311346/tools/bin/../lib/gcc/arm-none-eabi/9.3.1/thumb/v7e-m+fp/hard/crti.o
[...]
Memory Configuration

Name             Origin             Length             Attributes
RAM              0x0000000020000000 0x0000000000020000 xrw
FLASH            0x0000000008000000 0x0000000000080000 xr
*default*        0x0000000000000000 0xffffffffffffffff

Linker script and memory map

LOAD c:/st/stm32cubeide_1.8.0/stm32cubeide/plugins/com.st.stm32cube.ide.mcu.externaltools.gnu-tools-for-stm32.9-2020-q2-update.win32_2.0.0.202105311346/tools/bin/../lib/gcc/arm-none-eabi/9.3.1/thumb/v7e-m+fp/hard/crti.o
LOAD c:/st/stm32cubeide_1.8.0/stm32cubeide/plugins/com.st.stm32cube.ide.mcu.externaltools.gnu-tools-for-stm32.9-2020-q2-update.win32_2.0.0.202105311346/tools/bin/../lib/gcc/arm-none-eabi/9.3.1/thumb/v7e-m+fp/hard/crtbegin.o
LOAD c:/st/stm32cubeide_1.8.0/stm32cubeide/plugins/com.st.stm32cube.ide.mcu.externaltools.gnu-tools-for-stm32.9-2020-q2-update.win32_2.0.0.202105311346/tools/bin/../lib/gcc/arm-none-eabi/9.3.1/../../../../arm-none-eabi/lib/thumb/v7e-m+fp/hard/crt0.o
LOAD ./Core/Src/MFRC522.o
LOAD ./Core/Src/delay.o
LOAD ./Core/Src/gpio.o
LOAD ./Core/Src/main.o
LOAD ./Core/Src/spi.o
LOAD ./Core/Src/stm32f4xx_hal_msp.o
LOAD ./Core/Src/stm32f4xx_it.o
LOAD ./Core/Src/syscalls.o
LOAD ./Core/Src/sysmem.o
LOAD ./Core/Src/system_stm32f4xx.o
LOAD ./Core/Src/tim.o
LOAD ./Core/Src/usart.o
LOAD ./Core/Startup/startup_stm32f411vetx.o
LOAD ./Drivers/STM32F4xx_HAL_Driver/Src/stm32f4xx_hal.o
LOAD ./Drivers/STM32F4xx_HAL_Driver/Src/stm32f4xx_hal_cortex.o
LOAD ./Drivers/STM32F4xx_HAL_Driver/Src/stm32f4xx_hal_dma.o
LOAD ./Drivers/STM32F4xx_HAL_Driver/Src/stm32f4xx_hal_dma_ex.o
LOAD ./Drivers/STM32F4xx_HAL_Driver/Src/stm32f4xx_hal_exti.o
LOAD ./Drivers/STM32F4xx_HAL_Driver/Src/stm32f4xx_hal_flash.o
LOAD ./Drivers/STM32F4xx_HAL_Driver/Src/stm32f4xx_hal_flash_ex.o
LOAD ./Drivers/STM32F4xx_HAL_Driver/Src/stm32f4xx_hal_flash_ramfunc.o
LOAD ./Drivers/STM32F4xx_HAL_Driver/Src/stm32f4xx_hal_gpio.o
LOAD ./Drivers/STM32F4xx_HAL_Driver/Src/stm32f4xx_hal_pwr.o
LOAD ./Drivers/STM32F4xx_HAL_Driver/Src/stm32f4xx_hal_pwr_ex.o
LOAD ./Drivers/STM32F4xx_HAL_Driver/Src/stm32f4xx_hal_rcc.o
LOAD ./Drivers/STM32F4xx_HAL_Driver/Src/stm32f4xx_hal_rcc_ex.o
LOAD ./Drivers/STM32F4xx_HAL_Driver/Src/stm32f4xx_hal_spi.o
LOAD ./Drivers/STM32F4xx_HAL_Driver/Src/stm32f4xx_hal_tim.o
LOAD ./Drivers/STM32F4xx_HAL_Driver/Src/stm32f4xx_hal_tim_ex.o
LOAD ./Drivers/STM32F4xx_HAL_Driver/Src/stm32f4xx_hal_uart.o
START GROUP
LOAD c:/st/stm32cubeide_1.8.0/stm32cubeide/plugins/com.st.stm32cube.ide.mcu.externaltools.gnu-tools-for-stm32.9-2020-q2-update.win32_2.0.0.202105311346/tools/bin/../lib/gcc/arm-none-eabi/9.3.1/../../../../arm-none-eabi/lib/thumb/v7e-m+fp/hard\libc_nano.a
LOAD c:/st/stm32cubeide_1.8.0/stm32cubeide/plugins/com.st.stm32cube.ide.mcu.externaltools.gnu-tools-for-stm32.9-2020-q2-update.win32_2.0.0.202105311346/tools/bin/../lib/gcc/arm-none-eabi/9.3.1/../../../../arm-none-eabi/lib/thumb/v7e-m+fp/hard\libm.a
END GROUP
START GROUP
LOAD c:/st/stm32cubeide_1.8.0/stm32cubeide/plugins/com.st.stm32cube.ide.mcu.externaltools.gnu-tools-for-stm32.9-2020-q2-update.win32_2.0.0.202105311346/tools/bin/../lib/gcc/arm-none-eabi/9.3.1/thumb/v7e-m+fp/hard\libgcc.a
LOAD c:/st/stm32cubeide_1.8.0/stm32cubeide/plugins/com.st.stm32cube.ide.mcu.externaltools.gnu-tools-for-stm32.9-2020-q2-update.win32_2.0.0.202105311346/tools/bin/../lib/gcc/arm-none-eabi/9.3.1/../../../../arm-none-eabi/lib/thumb/v7e-m+fp/hard\libc_nano.a
END GROUP
START GROUP
LOAD c:/st/stm32cubeide_1.8.0/stm32cubeide/plugins/com.st.stm32cube.ide.mcu.externaltools.gnu-tools-for-stm32.9-2020-q2-update.win32_2.0.0.202105311346/tools/bin/../lib/gcc/arm-none-eabi/9.3.1/thumb/v7e-m+fp/hard\libgcc.a
LOAD c:/st/stm32cubeide_1.8.0/stm32cubeide/plugins/com.st.stm32cube.ide.mcu.externaltools.gnu-tools-for-stm32.9-2020-q2-update.win32_2.0.0.202105311346/tools/bin/../lib/gcc/arm-none-eabi/9.3.1/../../../../arm-none-eabi/lib/thumb/v7e-m+fp/hard\libc_nano.a
LOAD c:/st/stm32cubeide_1.8.0/stm32cubeide/plugins/com.st.stm32cube.ide.mcu.externaltools.gnu-tools-for-stm32.9-2020-q2-update.win32_2.0.0.202105311346/tools/bin/../lib/gcc/arm-none-eabi/9.3.1/../../../../arm-none-eabi/lib/thumb/v7e-m+fp/hard\libnosys.a
END GROUP
START GROUP
LOAD c:/st/stm32cubeide_1.8.0/stm32cubeide/plugins/com.st.stm32cube.ide.mcu.externaltools.gnu-tools-for-stm32.9-2020-q2-update.win32_2.0.0.202105311346/tools/bin/../lib/gcc/arm-none-eabi/9.3.1/thumb/v7e-m+fp/hard\libgcc.a
LOAD c:/st/stm32cubeide_1.8.0/stm32cubeide/plugins/com.st.stm32cube.ide.mcu.externaltools.gnu-tools-for-stm32.9-2020-q2-update.win32_2.0.0.202105311346/tools/bin/../lib/gcc/arm-none-eabi/9.3.1/../../../../arm-none-eabi/lib/thumb/v7e-m+fp/hard\libc_nano.a
LOAD c:/st/stm32cubeide_1.8.0/stm32cubeide/plugins/com.st.stm32cube.ide.mcu.externaltools.gnu-tools-for-stm32.9-2020-q2-update.win32_2.0.0.202105311346/tools/bin/../lib/gcc/arm-none-eabi/9.3.1/../../../../arm-none-eabi/lib/thumb/v7e-m+fp/hard\libnosys.a
END GROUP
LOAD c:/st/stm32cubeide_1.8.0/stm32cubeide/plugins/com.st.stm32cube.ide.mcu.externaltools.gnu-tools-for-stm32.9-2020-q2-update.win32_2.0.0.202105311346/tools/bin/../lib/gcc/arm-none-eabi/9.3.1/thumb/v7e-m+fp/hard/crtend.o
LOAD c:/st/stm32cubeide_1.8.0/stm32cubeide/plugins/com.st.stm32cube.ide.mcu.externaltools.gnu-tools-for-stm32.9-2020-q2-update.win32_2.0.0.202105311346/tools/bin/../lib/gcc/arm-none-eabi/9.3.1/thumb/v7e-m+fp/hard/crtn.o
                0x0000000020020000                _estack = (ORIGIN (RAM) + LENGTH (RAM))
                0x0000000000000200                _Min_Heap_Size = 0x200
                0x0000000000000400                _Min_Stack_Size = 0x400

.isr_vector     0x0000000008000000      0x198
                0x0000000008000000                . = ALIGN (0x4)
 *(.isr_vector)
 .isr_vector    0x0000000008000000      0x198 ./Core/Startup/startup_stm32f411vetx.o
                0x0000000008000000                g_pfnVectors
                0x0000000008000198                . = ALIGN (0x4)

.text           0x0000000008000198     0x29a8
                0x0000000008000198                . = ALIGN (0x4)
 *(.text)
 .text          0x0000000008000198       0x40 c:/st/stm32cubeide_1.8.0/stm32cubeide/plugins/com.st.stm32cube.ide.mcu.externaltools.gnu-tools-for-stm32.9-2020-q2-update.win32_2.0.0.202105311346/tools/bin/../lib/gcc/arm-none-eabi/9.3.1/thumb/v7e-m+fp/hard/crtbegin.o
 .text          0x00000000080001d8       0x30 c:/st/stm32cubeide_1.8.0/stm32cubeide/plugins/com.st.stm32cube.ide.mcu.externaltools.gnu-tools-for-stm32.9-2020-q2-update.win32_2.0.0.202105311346/tools/bin/../lib/gcc/arm-none-eabi/9.3.1/thumb/v7e-m+fp/hard\libgcc.a(_aeabi_uldivmod.o)
                0x00000000080001d8                __aeabi_uldivmod
 .text          0x0000000008000208      0x2c4 c:/st/stm32cubeide_1.8.0/stm32cubeide/plugins/com.st.stm32cube.ide.mcu.externaltools.gnu-tools-for-stm32.9-2020-q2-update.win32_2.0.0.202105311346/tools/bin/../lib/gcc/arm-none-eabi/9.3.1/thumb/v7e-m+fp/hard\libgcc.a(_udivmoddi4.o)
                0x0000000008000208                __udivmoddi4
 .text          0x00000000080004cc        0x4 c:/st/stm32cubeide_1.8.0/stm32cubeide/plugins/com.st.stm32cube.ide.mcu.externaltools.gnu-tools-for-stm32.9-2020-q2-update.win32_2.0.0.202105311346/tools/bin/../lib/gcc/arm-none-eabi/9.3.1/thumb/v7e-m+fp/hard\libgcc.a(_dvmd_tls.o)
                0x00000000080004cc                __aeabi_idiv0
                0x00000000080004cc                __aeabi_ldiv0
 *(.text*)
 .text.MX_GPIO_Init
                0x00000000080004d0       0xdc ./Core/Src/gpio.o
                0x00000000080004d0                MX_GPIO_Init
 .text.main     0x00000000080005ac       0x58 ./Core/Src/main.o
                0x00000000080005ac                main
 .text.SystemClock_Config
                0x0000000008000604       0xd0 ./Core/Src/main.o
                0x0000000008000604                SystemClock_Config
 .text.Error_Handler
                0x00000000080006d4        0xa ./Core/Src/main.o
                0x00000000080006d4                Error_Handler
 *fill*         0x00000000080006de        0x2 
 .text.MX_SPI2_Init
                0x00000000080006e0       0x6c ./Core/Src/spi.o
                0x00000000080006e0                MX_SPI2_Init
 .text.HAL_SPI_MspInit
                0x000000000800074c       0xd0 ./Core/Src/spi.o
                0x000000000800074c                HAL_SPI_MspInit
 .text.HAL_MspInit
                0x000000000800081c       0x50 ./Core/Src/stm32f4xx_hal_msp.o
                0x000000000800081c                HAL_MspInit
 .text.NMI_Handler
                0x000000000800086c        0x6 ./Core/Src/stm32f4xx_it.o
                0x000000000800086c                NMI_Handler
 .text.HardFault_Handler
                0x0000000008000872        0x6 ./Core/Src/stm32f4xx_it.o
                0x0000000008000872                HardFault_Handler
 .text.MemManage_Handler
                0x0000000008000878        0x6 ./Core/Src/stm32f4xx_it.o
                0x0000000008000878                MemManage_Handler
 .text.BusFault_Handler
                0x000000000800087e        0x6 ./Core/Src/stm32f4xx_it.o
                0x000000000800087e                BusFault_Handler
 .text.UsageFault_Handler
                0x0000000008000884        0x6 ./Core/Src/stm32f4xx_it.o
                0x0000000008000884                UsageFault_Handler
 .text.SVC_Handler
                0x000000000800088a        0xe ./Core/Src/stm32f4xx_it.o
                0x000000000800088a                SVC_Handler
 .text.DebugMon_Handler
                0x0000000008000898        0xe ./Core/Src/stm32f4xx_it.o
                0x0000000008000898                DebugMon_Handler
 .text.PendSV_Handler
                0x00000000080008a6        0xe ./Core/Src/stm32f4xx_it.o
                0x00000000080008a6                PendSV_Handler
 .text.SysTick_Handler
                0x00000000080008b4        0xc ./Core/Src/stm32f4xx_it.o
                0x00000000080008b4                SysTick_Handler
 .text.TIM3_IRQHandler
                0x00000000080008c0       0x14 ./Core/Src/stm32f4xx_it.o
                0x00000000080008c0                TIM3_IRQHandler
 .text.SystemInit
                0x00000000080008d4       0x24 ./Core/Src/system_stm32f4xx.o
                0x00000000080008d4                SystemInit
 .text.MX_TIM3_Init
                0x00000000080008f8       0x9c ./Core/Src/tim.o
                0x00000000080008f8                MX_TIM3_Init
 .text.MX_TIM11_Init
                0x0000000008000994       0x48 ./Core/Src/tim.o
                0x0000000008000994                MX_TIM11_Init
 .text.HAL_TIM_Base_MspInit
                0x00000000080009dc       0x7c ./Core/Src/tim.o
                0x00000000080009dc                HAL_TIM_Base_MspInit
 .text.MX_USART1_UART_Init
                0x0000000008000a58       0x54 ./Core/Src/usart.o
                0x0000000008000a58                MX_USART1_UART_Init
 .text.HAL_UART_MspInit
                0x0000000008000aac       0x90 ./Core/Src/usart.o
                0x0000000008000aac                HAL_UART_MspInit
 .text.Reset_Handler
                0x0000000008000b3c       0x50 ./Core/Startup/startup_stm32f411vetx.o
                0x0000000008000b3c                Reset_Handler
 .text.Default_Handler
                0x0000000008000b8c        0x2 ./Core/Startup/startup_stm32f411vetx.o
                0x0000000008000b8c                RTC_Alarm_IRQHandler
                0x0000000008000b8c                EXTI2_IRQHandler
                0x0000000008000b8c                SPI4_IRQHandler
                0x0000000008000b8c                TIM1_CC_IRQHandler
                0x0000000008000b8c                DMA2_Stream5_IRQHandler
                0x0000000008000b8c                DMA1_Stream5_IRQHandler
                0x0000000008000b8c                PVD_IRQHandler
                0x0000000008000b8c                SDIO_IRQHandler
                0x0000000008000b8c                TAMP_STAMP_IRQHandler
                0x0000000008000b8c                EXTI3_IRQHandler
                0x0000000008000b8c                TIM1_UP_TIM10_IRQHandler
                0x0000000008000b8c                I2C3_ER_IRQHandler
                0x0000000008000b8c                EXTI0_IRQHandler
                0x0000000008000b8c                I2C2_EV_IRQHandler
                0x0000000008000b8c                DMA1_Stream2_IRQHandler
                0x0000000008000b8c                FPU_IRQHandler
                0x0000000008000b8c                DMA2_Stream2_IRQHandler
                0x0000000008000b8c                SPI1_IRQHandler
                0x0000000008000b8c                TIM1_BRK_TIM9_IRQHandler
                0x0000000008000b8c                DMA2_Stream3_IRQHandler
                0x0000000008000b8c                USART6_IRQHandler
                0x0000000008000b8c                DMA2_Stream0_IRQHandler
                0x0000000008000b8c                TIM4_IRQHandler
                0x0000000008000b8c                I2C1_EV_IRQHandler
                0x0000000008000b8c                DMA1_Stream6_IRQHandler
                0x0000000008000b8c                DMA1_Stream1_IRQHandler
                0x0000000008000b8c                RCC_IRQHandler
                0x0000000008000b8c                Default_Handler
                0x0000000008000b8c                EXTI15_10_IRQHandler
                0x0000000008000b8c                ADC_IRQHandler
                0x0000000008000b8c                DMA1_Stream7_IRQHandler
                0x0000000008000b8c                SPI5_IRQHandler
                0x0000000008000b8c                TIM5_IRQHandler
                0x0000000008000b8c                DMA2_Stream7_IRQHandler
                0x0000000008000b8c                I2C3_EV_IRQHandler
                0x0000000008000b8c                EXTI9_5_IRQHandler
                0x0000000008000b8c                RTC_WKUP_IRQHandler
                0x0000000008000b8c                SPI2_IRQHandler
                0x0000000008000b8c                DMA1_Stream0_IRQHandler
                0x0000000008000b8c                EXTI4_IRQHandler
                0x0000000008000b8c                WWDG_IRQHandler
                0x0000000008000b8c                TIM2_IRQHandler
                0x0000000008000b8c                OTG_FS_WKUP_IRQHandler
                0x0000000008000b8c                TIM1_TRG_COM_TIM11_IRQHandler
                0x0000000008000b8c                EXTI1_IRQHandler
                0x0000000008000b8c                USART2_IRQHandler
                0x0000000008000b8c                I2C2_ER_IRQHandler
                0x0000000008000b8c                DMA2_Stream1_IRQHandler
                0x0000000008000b8c                FLASH_IRQHandler
                0x0000000008000b8c                DMA2_Stream4_IRQHandler
                0x0000000008000b8c                USART1_IRQHandler
                0x0000000008000b8c                OTG_FS_IRQHandler
                0x0000000008000b8c                SPI3_IRQHandler
                0x0000000008000b8c                DMA1_Stream4_IRQHandler
                0x0000000008000b8c                I2C1_ER_IRQHandler
                0x0000000008000b8c                DMA2_Stream6_IRQHandler
                0x0000000008000b8c                DMA1_Stream3_IRQHandler
 *fill*         0x0000000008000b8e        0x2 
 .text.HAL_Init
                0x0000000008000b90       0x44 ./Drivers/STM32F4xx_HAL_Driver/Src/stm32f4xx_hal.o
                0x0000000008000b90                HAL_Init
 .text.HAL_InitTick
                0x0000000008000bd4       0x60 ./Drivers/STM32F4xx_HAL_Driver/Src/stm32f4xx_hal.o
                0x0000000008000bd4                HAL_InitTick
 .text.HAL_IncTick
                0x0000000008000c34       0x28 ./Drivers/STM32F4xx_HAL_Driver/Src/stm32f4xx_hal.o
                0x0000000008000c34                HAL_IncTick
 .text.HAL_GetTick
                0x0000000008000c5c       0x18 ./Drivers/STM32F4xx_HAL_Driver/Src/stm32f4xx_hal.o
                0x0000000008000c5c                HAL_GetTick
 .text.HAL_Delay
                0x0000000008000c74       0x48 ./Drivers/STM32F4xx_HAL_Driver/Src/stm32f4xx_hal.o
                0x0000000008000c74                HAL_Delay
 .text.__NVIC_SetPriorityGrouping
                0x0000000008000cbc       0x48 ./Drivers/STM32F4xx_HAL_Driver/Src/stm32f4xx_hal_cortex.o
 .text.__NVIC_GetPriorityGrouping
                0x0000000008000d04       0x1c ./Drivers/STM32F4xx_HAL_Driver/Src/stm32f4xx_hal_cortex.o
 .text.__NVIC_EnableIRQ
                0x0000000008000d20       0x3c ./Drivers/STM32F4xx_HAL_Driver/Src/stm32f4xx_hal_cortex.o
 .text.__NVIC_SetPriority
                0x0000000008000d5c       0x54 ./Drivers/STM32F4xx_HAL_Driver/Src/stm32f4xx_hal_cortex.o
 .text.NVIC_EncodePriority
                0x0000000008000db0       0x66 ./Drivers/STM32F4xx_HAL_Driver/Src/stm32f4xx_hal_cortex.o
 *fill*         0x0000000008000e16        0x2 
 .text.SysTick_Config
                0x0000000008000e18       0x44 ./Drivers/STM32F4xx_HAL_Driver/Src/stm32f4xx_hal_cortex.o
 .text.HAL_NVIC_SetPriorityGrouping
                0x0000000008000e5c       0x16 ./Drivers/STM32F4xx_HAL_Driver/Src/stm32f4xx_hal_cortex.o
                0x0000000008000e5c                HAL_NVIC_SetPriorityGrouping
 .text.HAL_NVIC_SetPriority
                0x0000000008000e72       0x38 ./Drivers/STM32F4xx_HAL_Driver/Src/stm32f4xx_hal_cortex.o
                0x0000000008000e72                HAL_NVIC_SetPriority
 .text.HAL_NVIC_EnableIRQ
                0x0000000008000eaa       0x1c ./Drivers/STM32F4xx_HAL_Driver/Src/stm32f4xx_hal_cortex.o
                0x0000000008000eaa                HAL_NVIC_EnableIRQ
 .text.HAL_SYSTICK_Config
                0x0000000008000ec6       0x18 ./Drivers/STM32F4xx_HAL_Driver/Src/stm32f4xx_hal_cortex.o
                0x0000000008000ec6                HAL_SYSTICK_Config
 *fill*         0x0000000008000ede        0x2 
 .text.HAL_GPIO_Init
                0x0000000008000ee0      0x308 ./Drivers/STM32F4xx_HAL_Driver/Src/stm32f4xx_hal_gpio.o
                0x0000000008000ee0                HAL_GPIO_Init
 .text.HAL_GPIO_WritePin
                0x00000000080011e8       0x32 ./Drivers/STM32F4xx_HAL_Driver/Src/stm32f4xx_hal_gpio.o
                0x00000000080011e8                HAL_GPIO_WritePin
 *fill*         0x000000000800121a        0x2 
 .text.HAL_RCC_OscConfig
                0x000000000800121c      0x4f0 ./Drivers/STM32F4xx_HAL_Driver/Src/stm32f4xx_hal_rcc.o
                0x000000000800121c                HAL_RCC_OscConfig
 .text.HAL_RCC_ClockConfig
                0x000000000800170c      0x1cc ./Drivers/STM32F4xx_HAL_Driver/Src/stm32f4xx_hal_rcc.o
                0x000000000800170c                HAL_RCC_ClockConfig
 .text.HAL_RCC_GetSysClockFreq
                0x00000000080018d8      0x1c4 ./Drivers/STM32F4xx_HAL_Driver/Src/stm32f4xx_hal_rcc.o
                0x00000000080018d8                HAL_RCC_GetSysClockFreq
 .text.HAL_RCC_GetHCLKFreq
                0x0000000008001a9c       0x18 ./Drivers/STM32F4xx_HAL_Driver/Src/stm32f4xx_hal_rcc.o
                0x0000000008001a9c                HAL_RCC_GetHCLKFreq
 .text.HAL_RCC_GetPCLK1Freq
                0x0000000008001ab4       0x28 ./Drivers/STM32F4xx_HAL_Driver/Src/stm32f4xx_hal_rcc.o
                0x0000000008001ab4                HAL_RCC_GetPCLK1Freq
 .text.HAL_RCC_GetPCLK2Freq
                0x0000000008001adc       0x28 ./Drivers/STM32F4xx_HAL_Driver/Src/stm32f4xx_hal_rcc.o
                0x0000000008001adc                HAL_RCC_GetPCLK2Freq
 .text.HAL_SPI_Init
                0x0000000008001b04      0x112 ./Drivers/STM32F4xx_HAL_Driver/Src/stm32f4xx_hal_spi.o
                0x0000000008001b04                HAL_SPI_Init
 .text.HAL_TIM_Base_Init
                0x0000000008001c16       0x9e ./Drivers/STM32F4xx_HAL_Driver/Src/stm32f4xx_hal_tim.o
                0x0000000008001c16                HAL_TIM_Base_Init
 .text.HAL_TIM_Base_Start
                0x0000000008001cb4       0xb4 ./Drivers/STM32F4xx_HAL_Driver/Src/stm32f4xx_hal_tim.o
                0x0000000008001cb4                HAL_TIM_Base_Start
 .text.HAL_TIM_IRQHandler
                0x0000000008001d68      0x210 ./Drivers/STM32F4xx_HAL_Driver/Src/stm32f4xx_hal_tim.o
                0x0000000008001d68                HAL_TIM_IRQHandler
 .text.HAL_TIM_ConfigClockSource
                0x0000000008001f78      0x18e ./Drivers/STM32F4xx_HAL_Driver/Src/stm32f4xx_hal_tim.o
                0x0000000008001f78                HAL_TIM_ConfigClockSource
 .text.HAL_TIM_PeriodElapsedCallback
                0x0000000008002106       0x14 ./Drivers/STM32F4xx_HAL_Driver/Src/stm32f4xx_hal_tim.o
                0x0000000008002106                HAL_TIM_PeriodElapsedCallback
 .text.HAL_TIM_OC_DelayElapsedCallback
                0x000000000800211a       0x14 ./Drivers/STM32F4xx_HAL_Driver/Src/stm32f4xx_hal_tim.o
                0x000000000800211a                HAL_TIM_OC_DelayElapsedCallback
 .text.HAL_TIM_IC_CaptureCallback
                0x000000000800212e       0x14 ./Drivers/STM32F4xx_HAL_Driver/Src/stm32f4xx_hal_tim.o
                0x000000000800212e                HAL_TIM_IC_CaptureCallback
 .text.HAL_TIM_PWM_PulseFinishedCallback
                0x0000000008002142       0x14 ./Drivers/STM32F4xx_HAL_Driver/Src/stm32f4xx_hal_tim.o
                0x0000000008002142                HAL_TIM_PWM_PulseFinishedCallback
 .text.HAL_TIM_TriggerCallback
                0x0000000008002156       0x14 ./Drivers/STM32F4xx_HAL_Driver/Src/stm32f4xx_hal_tim.o
                0x0000000008002156                HAL_TIM_TriggerCallback
 *fill*         0x000000000800216a        0x2 
 .text.TIM_Base_SetConfig
                0x000000000800216c      0x100 ./Drivers/STM32F4xx_HAL_Driver/Src/stm32f4xx_hal_tim.o
                0x000000000800216c                TIM_Base_SetConfig
 .text.TIM_TI1_ConfigInputStage
                0x000000000800226c       0x5e ./Drivers/STM32F4xx_HAL_Driver/Src/stm32f4xx_hal_tim.o
 .text.TIM_TI2_ConfigInputStage
                0x00000000080022ca       0x60 ./Drivers/STM32F4xx_HAL_Driver/Src/stm32f4xx_hal_tim.o
 .text.TIM_ITRx_SetConfig
                0x000000000800232a       0x36 ./Drivers/STM32F4xx_HAL_Driver/Src/stm32f4xx_hal_tim.o
 .text.TIM_ETR_SetConfig
                0x0000000008002360       0x40 ./Drivers/STM32F4xx_HAL_Driver/Src/stm32f4xx_hal_tim.o
                0x0000000008002360                TIM_ETR_SetConfig
 .text.HAL_TIMEx_MasterConfigSynchronization
                0x00000000080023a0       0xdc ./Drivers/STM32F4xx_HAL_Driver/Src/stm32f4xx_hal_tim_ex.o
                0x00000000080023a0                HAL_TIMEx_MasterConfigSynchronization
 .text.HAL_TIMEx_CommutCallback
                0x000000000800247c       0x14 ./Drivers/STM32F4xx_HAL_Driver/Src/stm32f4xx_hal_tim_ex.o
                0x000000000800247c                HAL_TIMEx_CommutCallback
 .text.HAL_TIMEx_BreakCallback
                0x0000000008002490       0x14 ./Drivers/STM32F4xx_HAL_Driver/Src/stm32f4xx_hal_tim_ex.o
                0x0000000008002490                HAL_TIMEx_BreakCallback
 .text.HAL_UART_Init
                0x00000000080024a4       0x9a ./Drivers/STM32F4xx_HAL_Driver/Src/stm32f4xx_hal_uart.o
                0x00000000080024a4                HAL_UART_Init
 .text.HAL_UART_Transmit
                0x000000000800253e      0x124 ./Drivers/STM32F4xx_HAL_Driver/Src/stm32f4xx_hal_uart.o
                0x000000000800253e                HAL_UART_Transmit
 .text.UART_WaitOnFlagUntilTimeout
                0x0000000008002662       0xdc ./Drivers/STM32F4xx_HAL_Driver/Src/stm32f4xx_hal_uart.o
 *fill*         0x000000000800273e        0x2 
 .text.UART_SetConfig
                0x0000000008002740      0x390 ./Drivers/STM32F4xx_HAL_Driver/Src/stm32f4xx_hal_uart.o
 .text.__libc_init_array
                0x0000000008002ad0       0x48 c:/st/stm32cubeide_1.8.0/stm32cubeide/plugins/com.st.stm32cube.ide.mcu.externaltools.gnu-tools-for-stm32.9-2020-q2-update.win32_2.0.0.202105311346/tools/bin/../lib/gcc/arm-none-eabi/9.3.1/../../../../arm-none-eabi/lib/thumb/v7e-m+fp/hard\libc_nano.a(lib_a-init.o)
                0x0000000008002ad0                __libc_init_array
 .text.memset   0x0000000008002b18       0x10 c:/st/stm32cubeide_1.8.0/stm32cubeide/plugins/com.st.stm32cube.ide.mcu.externaltools.gnu-tools-for-stm32.9-2020-q2-update.win32_2.0.0.202105311346/tools/bin/../lib/gcc/arm-none-eabi/9.3.1/../../../../arm-none-eabi/lib/thumb/v7e-m+fp/hard\libc_nano.a(lib_a-memset.o)
                0x0000000008002b18                memset
 *(.glue_7)
 .glue_7        0x0000000008002b28        0x0 linker stubs
 *(.glue_7t)
 .glue_7t       0x0000000008002b28        0x0 linker stubs
 *(.eh_frame)
 .eh_frame      0x0000000008002b28        0x0 c:/st/stm32cubeide_1.8.0/stm32cubeide/plugins/com.st.stm32cube.ide.mcu.externaltools.gnu-tools-for-stm32.9-2020-q2-update.win32_2.0.0.202105311346/tools/bin/../lib/gcc/arm-none-eabi/9.3.1/thumb/v7e-m+fp/hard/crtbegin.o
 *(.init)
 .init          0x0000000008002b28        0x4 c:/st/stm32cubeide_1.8.0/stm32cubeide/plugins/com.st.stm32cube.ide.mcu.externaltools.gnu-tools-for-stm32.9-2020-q2-update.win32_2.0.0.202105311346/tools/bin/../lib/gcc/arm-none-eabi/9.3.1/thumb/v7e-m+fp/hard/crti.o
                0x0000000008002b28                _init
 .init          0x0000000008002b2c        0x8 c:/st/stm32cubeide_1.8.0/stm32cubeide/plugins/com.st.stm32cube.ide.mcu.externaltools.gnu-tools-for-stm32.9-2020-q2-update.win32_2.0.0.202105311346/tools/bin/../lib/gcc/arm-none-eabi/9.3.1/thumb/v7e-m+fp/hard/crtn.o
 *(.fini)
 .fini          0x0000000008002b34        0x4 c:/st/stm32cubeide_1.8.0/stm32cubeide/plugins/com.st.stm32cube.ide.mcu.externaltools.gnu-tools-for-stm32.9-2020-q2-update.win32_2.0.0.202105311346/tools/bin/../lib/gcc/arm-none-eabi/9.3.1/thumb/v7e-m+fp/hard/crti.o
                0x0000000008002b34                _fini
 .fini          0x0000000008002b38        0x8 c:/st/stm32cubeide_1.8.0/stm32cubeide/plugins/com.st.stm32cube.ide.mcu.externaltools.gnu-tools-for-stm32.9-2020-q2-update.win32_2.0.0.202105311346/tools/bin/../lib/gcc/arm-none-eabi/9.3.1/thumb/v7e-m+fp/hard/crtn.o
                0x0000000008002b40                . = ALIGN (0x4)
                0x0000000008002b40                _etext = .

.vfp11_veneer   0x0000000008002b40        0x0
 .vfp11_veneer  0x0000000008002b40        0x0 linker stubs

.v4_bx          0x0000000008002b40        0x0
 .v4_bx         0x0000000008002b40        0x0 linker stubs

.iplt           0x0000000008002b40        0x0
 .iplt          0x0000000008002b40        0x0 c:/st/stm32cubeide_1.8.0/stm32cubeide/plugins/com.st.stm32cube.ide.mcu.externaltools.gnu-tools-for-stm32.9-2020-q2-update.win32_2.0.0.202105311346/tools/bin/../lib/gcc/arm-none-eabi/9.3.1/thumb/v7e-m+fp/hard/crtbegin.o

.rodata         0x0000000008002b40       0x20
                0x0000000008002b40                . = ALIGN (0x4)
 *(.rodata)
 .rodata        0x0000000008002b40        0x8 ./Core/Src/main.o
 *(.rodata*)
 .rodata.AHBPrescTable
                0x0000000008002b48       0x10 ./Core/Src/system_stm32f4xx.o
                0x0000000008002b48                AHBPrescTable
 .rodata.APBPrescTable
                0x0000000008002b58        0x8 ./Core/Src/system_stm32f4xx.o
                0x0000000008002b58                APBPrescTable
                0x0000000008002b60                . = ALIGN (0x4)

.ARM.extab      0x0000000008002b60        0x0
                0x0000000008002b60                . = ALIGN (0x4)
 *(.ARM.extab* .gnu.linkonce.armextab.*)
                0x0000000008002b60                . = ALIGN (0x4)

.ARM            0x0000000008002b60        0x8
                0x0000000008002b60                . = ALIGN (0x4)
                0x0000000008002b60                __exidx_start = .
 *(.ARM.exidx*)
 .ARM.exidx     0x0000000008002b60        0x8 c:/st/stm32cubeide_1.8.0/stm32cubeide/plugins/com.st.stm32cube.ide.mcu.externaltools.gnu-tools-for-stm32.9-2020-q2-update.win32_2.0.0.202105311346/tools/bin/../lib/gcc/arm-none-eabi/9.3.1/thumb/v7e-m+fp/hard\libgcc.a(_udivmoddi4.o)
                0x0000000008002b68                __exidx_end = .
                0x0000000008002b68                . = ALIGN (0x4)

.rel.dyn        0x0000000008002b68        0x0
 .rel.iplt      0x0000000008002b68        0x0 c:/st/stm32cubeide_1.8.0/stm32cubeide/plugins/com.st.stm32cube.ide.mcu.externaltools.gnu-tools-for-stm32.9-2020-q2-update.win32_2.0.0.202105311346/tools/bin/../lib/gcc/arm-none-eabi/9.3.1/thumb/v7e-m+fp/hard/crtbegin.o

.preinit_array  0x0000000008002b68        0x0
                0x0000000008002b68                . = ALIGN (0x4)
                0x0000000008002b68                PROVIDE (__preinit_array_start = .)
 *(.preinit_array*)
                0x0000000008002b68                PROVIDE (__preinit_array_end = .)
                0x0000000008002b68                . = ALIGN (0x4)

.init_array     0x0000000008002b68        0x4
                0x0000000008002b68                . = ALIGN (0x4)
                0x0000000008002b68                PROVIDE (__init_array_start = .)
 *(SORT_BY_NAME(.init_array.*))
 *(.init_array*)
 .init_array    0x0000000008002b68        0x4 c:/st/stm32cubeide_1.8.0/stm32cubeide/plugins/com.st.stm32cube.ide.mcu.externaltools.gnu-tools-for-stm32.9-2020-q2-update.win32_2.0.0.202105311346/tools/bin/../lib/gcc/arm-none-eabi/9.3.1/thumb/v7e-m+fp/hard/crtbegin.o
                0x0000000008002b6c                PROVIDE (__init_array_end = .)
                0x0000000008002b6c                . = ALIGN (0x4)

.fini_array     0x0000000008002b6c        0x4
                0x0000000008002b6c                . = ALIGN (0x4)
                [!provide]                        PROVIDE (__fini_array_start = .)
 *(SORT_BY_NAME(.fini_array.*))
 *(.fini_array*)
 .fini_array    0x0000000008002b6c        0x4 c:/st/stm32cubeide_1.8.0/stm32cubeide/plugins/com.st.stm32cube.ide.mcu.externaltools.gnu-tools-for-stm32.9-2020-q2-update.win32_2.0.0.202105311346/tools/bin/../lib/gcc/arm-none-eabi/9.3.1/thumb/v7e-m+fp/hard/crtbegin.o
                [!provide]                        PROVIDE (__fini_array_end = .)
                0x0000000008002b70                . = ALIGN (0x4)
                0x0000000008002b70                _sidata = LOADADDR (.data)

.data           0x0000000020000000        0xc load address 0x0000000008002b70
                0x0000000020000000                . = ALIGN (0x4)
                0x0000000020000000                _sdata = .
 *(.data)
 *(.data*)
 .data.SystemCoreClock
                0x0000000020000000        0x4 ./Core/Src/system_stm32f4xx.o
                0x0000000020000000                SystemCoreClock
 .data.uwTickPrio
                0x0000000020000004        0x4 ./Drivers/STM32F4xx_HAL_Driver/Src/stm32f4xx_hal.o
                0x0000000020000004                uwTickPrio
 .data.uwTickFreq
                0x0000000020000008        0x1 ./Drivers/STM32F4xx_HAL_Driver/Src/stm32f4xx_hal.o
                0x0000000020000008                uwTickFreq
 *(.RamFunc)
 *(.RamFunc*)
                0x000000002000000c                . = ALIGN (0x4)
 *fill*         0x0000000020000009        0x3 
                0x000000002000000c                _edata = .

.igot.plt       0x000000002000000c        0x0 load address 0x0000000008002b7c
 .igot.plt      0x000000002000000c        0x0 c:/st/stm32cubeide_1.8.0/stm32cubeide/plugins/com.st.stm32cube.ide.mcu.externaltools.gnu-tools-for-stm32.9-2020-q2-update.win32_2.0.0.202105311346/tools/bin/../lib/gcc/arm-none-eabi/9.3.1/thumb/v7e-m+fp/hard/crtbegin.o
                0x000000002000000c                . = ALIGN (0x4)

.bss            0x000000002000000c      0x14c load address 0x0000000008002b7c
                0x000000002000000c                _sbss = .
                0x000000002000000c                __bss_start__ = _sbss
 *(.bss)
 .bss           0x000000002000000c       0x1c c:/st/stm32cubeide_1.8.0/stm32cubeide/plugins/com.st.stm32cube.ide.mcu.externaltools.gnu-tools-for-stm32.9-2020-q2-update.win32_2.0.0.202105311346/tools/bin/../lib/gcc/arm-none-eabi/9.3.1/thumb/v7e-m+fp/hard/crtbegin.o
 *(.bss*)
 *(COMMON)
 COMMON         0x0000000020000028       0x58 ./Core/Src/MFRC522.o
                0x0000000020000028                hspi2
 COMMON         0x0000000020000080       0x48 ./Core/Src/main.o
                0x0000000020000080                htim3
 COMMON         0x00000000200000c8       0x48 ./Core/Src/tim.o
                0x00000000200000c8                htim11
 COMMON         0x0000000020000110       0x44 ./Core/Src/usart.o
                0x0000000020000110                huart1
 COMMON         0x0000000020000154        0x4 ./Drivers/STM32F4xx_HAL_Driver/Src/stm32f4xx_hal.o
                0x0000000020000154                uwTick
                0x0000000020000158                . = ALIGN (0x4)
                0x0000000020000158                _ebss = .
                0x0000000020000158                __bss_end__ = _ebss

._user_heap_stack
                0x0000000020000158      0x600 load address 0x0000000008002b7c
                0x0000000020000158                . = ALIGN (0x8)
                [!provide]                        PROVIDE (end = .)
                0x0000000020000158                PROVIDE (_end = .)
                0x0000000020000358                . = (. + _Min_Heap_Size)
 *fill*         0x0000000020000158      0x200 
                0x0000000020000758                . = (. + _Min_Stack_Size)
 *fill*         0x0000000020000358      0x400 
                0x0000000020000758                . = ALIGN (0x8)

/DISCARD/
 libc.a(*)
 libm.a(*)
 libgcc.a(*)

.ARM.attributes
                0x0000000000000000       0x30
 *(.ARM.attributes)
 .ARM.attributes
                0x0000000000000000       0x1e c:/st/stm32cubeide_1.8.0/stm32cubeide/plugins/com.st.stm32cube.ide.mcu.externaltools.gnu-tools-for-stm32.9-2020-q2-update.win32_2.0.0.202105311346/tools/bin/../lib/gcc/arm-none-eabi/9.3.1/thumb/v7e-m+fp/hard/crti.o
 .ARM.attributes
                0x000000000000001e       0x34 c:/st/stm32cubeide_1.8.0/stm32cubeide/plugins/com.st.stm32cube.ide.mcu.externaltools.gnu-tools-for-stm32.9-2020-q2-update.win32_2.0.0.202105311346/tools/bin/../lib/gcc/arm-none-eabi/9.3.1/thumb/v7e-m+fp/hard/crtbegin.o
 .ARM.attributes
                0x0000000000000052       0x34 ./Core/Src/MFRC522.o
 .ARM.attributes
                0x0000000000000086       0x34 ./Core/Src/gpio.o
 .ARM.attributes
                0x00000000000000ba       0x34 ./Core/Src/main.o
 .ARM.attributes
                0x00000000000000ee       0x34 ./Core/Src/spi.o
 .ARM.attributes
                0x0000000000000122       0x34 ./Core/Src/stm32f4xx_hal_msp.o
 .ARM.attributes
                0x0000000000000156       0x34 ./Core/Src/stm32f4xx_it.o
 .ARM.attributes
                0x000000000000018a       0x34 ./Core/Src/system_stm32f4xx.o
 .ARM.attributes
                0x00000000000001be       0x34 ./Core/Src/tim.o
 .ARM.attributes
                0x00000000000001f2       0x34 ./Core/Src/usart.o
 .ARM.attributes
                0x0000000000000226       0x21 ./Core/Startup/startup_stm32f411vetx.o
 .ARM.attributes
                0x0000000000000247       0x34 ./Drivers/STM32F4xx_HAL_Driver/Src/stm32f4xx_hal.o
 .ARM.attributes
                0x000000000000027b       0x34 ./Drivers/STM32F4xx_HAL_Driver/Src/stm32f4xx_hal_cortex.o
 .ARM.attributes
                0x00000000000002af       0x34 ./Drivers/STM32F4xx_HAL_Driver/Src/stm32f4xx_hal_gpio.o
 .ARM.attributes
                0x00000000000002e3       0x34 ./Drivers/STM32F4xx_HAL_Driver/Src/stm32f4xx_hal_rcc.o
 .ARM.attributes
                0x0000000000000317       0x34 ./Drivers/STM32F4xx_HAL_Driver/Src/stm32f4xx_hal_spi.o
 .ARM.attributes
                0x000000000000034b       0x34 ./Drivers/STM32F4xx_HAL_Driver/Src/stm32f4xx_hal_tim.o
 .ARM.attributes
                0x000000000000037f       0x34 ./Drivers/STM32F4xx_HAL_Driver/Src/stm32f4xx_hal_tim_ex.o
 .ARM.attributes
                0x00000000000003b3       0x34 ./Drivers/STM32F4xx_HAL_Driver/Src/stm32f4xx_hal_uart.o
 .ARM.attributes
                0x00000000000003e7       0x34 c:/st/stm32cubeide_1.8.0/stm32cubeide/plugins/com.st.stm32cube.ide.mcu.externaltools.gnu-tools-for-stm32.9-2020-q2-update.win32_2.0.0.202105311346/tools/bin/../lib/gcc/arm-none-eabi/9.3.1/../../../../arm-none-eabi/lib/thumb/v7e-m+fp/hard\libc_nano.a(lib_a-init.o)
 .ARM.attributes
                0x000000000000041b       0x34 c:/st/stm32cubeide_1.8.0/stm32cubeide/plugins/com.st.stm32cube.ide.mcu.externaltools.gnu-tools-for-stm32.9-2020-q2-update.win32_2.0.0.202105311346/tools/bin/../lib/gcc/arm-none-eabi/9.3.1/../../../../arm-none-eabi/lib/thumb/v7e-m+fp/hard\libc_nano.a(lib_a-memset.o)
 .ARM.attributes
                0x000000000000044f       0x1e c:/st/stm32cubeide_1.8.0/stm32cubeide/plugins/com.st.stm32cube.ide.mcu.externaltools.gnu-tools-for-stm32.9-2020-q2-update.win32_2.0.0.202105311346/tools/bin/../lib/gcc/arm-none-eabi/9.3.1/thumb/v7e-m+fp/hard\libgcc.a(_aeabi_uldivmod.o)
 .ARM.attributes
                0x000000000000046d       0x34 c:/st/stm32cubeide_1.8.0/stm32cubeide/plugins/com.st.stm32cube.ide.mcu.externaltools.gnu-tools-for-stm32.9-2020-q2-update.win32_2.0.0.202105311346/tools/bin/../lib/gcc/arm-none-eabi/9.3.1/thumb/v7e-m+fp/hard\libgcc.a(_udivmoddi4.o)
 .ARM.attributes
                0x00000000000004a1       0x1e c:/st/stm32cubeide_1.8.0/stm32cubeide/plugins/com.st.stm32cube.ide.mcu.externaltools.gnu-tools-for-stm32.9-2020-q2-update.win32_2.0.0.202105311346/tools/bin/../lib/gcc/arm-none-eabi/9.3.1/thumb/v7e-m+fp/hard\libgcc.a(_dvmd_tls.o)
 .ARM.attributes
                0x00000000000004bf       0x1e c:/st/stm32cubeide_1.8.0/stm32cubeide/plugins/com.st.stm32cube.ide.mcu.externaltools.gnu-tools-for-stm32.9-2020-q2-update.win32_2.0.0.202105311346/tools/bin/../lib/gcc/arm-none-eabi/9.3.1/thumb/v7e-m+fp/hard/crtn.o
OUTPUT(Test_RC522.elf elf32-littlearm)
LOAD linker stubs
LOAD c:/st/stm32cubeide_1.8.0/stm32cubeide/plugins/com.st.stm32cube.ide.mcu.externaltools.gnu-tools-for-stm32.9-2020-q2-update.win32_2.0.0.202105311346/tools/bin/../lib/gcc/arm-none-eabi/9.3.1/../../../../arm-none-eabi/lib/thumb/v7e-m+fp/hard\libc.a
LOAD c:/st/stm32cubeide_1.8.0/stm32cubeide/plugins/com.st.stm32cube.ide.mcu.externaltools.gnu-tools-for-stm32.9-2020-q2-update.win32_2.0.0.202105311346/tools/bin/../lib/gcc/arm-none-eabi/9.3.1/../../../../arm-none-eabi/lib/thumb/v7e-m+fp/hard\libm.a
LOAD c:/st/stm32cubeide_1.8.0/stm32cubeide/plugins/com.st.stm32cube.ide.mcu.externaltools.gnu-tools-for-stm32.9-2020-q2-update.win32_2.0.0.202105311346/tools/bin/../lib/gcc/arm-none-eabi/9.3.1/thumb/v7e-m+fp/hard\libgcc.a

.debug_info     0x0000000000000000    0x12edf
 .debug_info    0x0000000000000000     0x1601 ./Core/Src/MFRC522.o
 .debug_info    0x0000000000001601      0xa70 ./Core/Src/gpio.o
 .debug_info    0x0000000000002071     0x1984 ./Core/Src/main.o
 .debug_info    0x00000000000039f5      0xa93 ./Core/Src/spi.o
 .debug_info    0x0000000000004488      0x8ed ./Core/Src/stm32f4xx_hal_msp.o
 .debug_info    0x0000000000004d75      0xab1 ./Core/Src/stm32f4xx_it.o
 .debug_info    0x0000000000005826      0x5d0 ./Core/Src/system_stm32f4xx.o
 .debug_info    0x0000000000005df6      0xf1d ./Core/Src/tim.o
 .debug_info    0x0000000000006d13      0xcbd ./Core/Src/usart.o
 .debug_info    0x00000000000079d0       0x22 ./Core/Startup/startup_stm32f411vetx.o
 .debug_info    0x00000000000079f2      0x944 ./Drivers/STM32F4xx_HAL_Driver/Src/stm32f4xx_hal.o
 .debug_info    0x0000000000008336      0xe47 ./Drivers/STM32F4xx_HAL_Driver/Src/stm32f4xx_hal_cortex.o
 .debug_info    0x000000000000917d      0x862 ./Drivers/STM32F4xx_HAL_Driver/Src/stm32f4xx_hal_gpio.o
 .debug_info    0x00000000000099df      0x9be ./Drivers/STM32F4xx_HAL_Driver/Src/stm32f4xx_hal_rcc.o
 .debug_info    0x000000000000a39d     0x17b8 ./Drivers/STM32F4xx_HAL_Driver/Src/stm32f4xx_hal_spi.o
 .debug_info    0x000000000000bb55     0x2c1a ./Drivers/STM32F4xx_HAL_Driver/Src/stm32f4xx_hal_tim.o
 .debug_info    0x000000000000e76f     0x159a ./Drivers/STM32F4xx_HAL_Driver/Src/stm32f4xx_hal_tim_ex.o
 .debug_info    0x000000000000fd09     0x31d6 ./Drivers/STM32F4xx_HAL_Driver/Src/stm32f4xx_hal_uart.o

.debug_abbrev   0x0000000000000000     0x255f
 .debug_abbrev  0x0000000000000000      0x309 ./Core/Src/MFRC522.o
 .debug_abbrev  0x0000000000000309      0x192 ./Core/Src/gpio.o
 .debug_abbrev  0x000000000000049b      0x2a0 ./Core/Src/main.o
 .debug_abbrev  0x000000000000073b      0x1bf ./Core/Src/spi.o
 .debug_abbrev  0x00000000000008fa      0x192 ./Core/Src/stm32f4xx_hal_msp.o
 .debug_abbrev  0x0000000000000a8c      0x19a ./Core/Src/stm32f4xx_it.o
 .debug_abbrev  0x0000000000000c26      0x145 ./Core/Src/system_stm32f4xx.o
 .debug_abbrev  0x0000000000000d6b      0x204 ./Core/Src/tim.o
 .debug_abbrev  0x0000000000000f6f      0x1ce ./Core/Src/usart.o
 .debug_abbrev  0x000000000000113d       0x12 ./Core/Startup/startup_stm32f411vetx.o
 .debug_abbrev  0x000000000000114f      0x21e ./Drivers/STM32F4xx_HAL_Driver/Src/stm32f4xx_hal.o
 .debug_abbrev  0x000000000000136d      0x33c ./Drivers/STM32F4xx_HAL_Driver/Src/stm32f4xx_hal_cortex.o
 .debug_abbrev  0x00000000000016a9      0x1f1 ./Drivers/STM32F4xx_HAL_Driver/Src/stm32f4xx_hal_gpio.o
 .debug_abbrev  0x000000000000189a      0x275 ./Drivers/STM32F4xx_HAL_Driver/Src/stm32f4xx_hal_rcc.o
 .debug_abbrev  0x0000000000001b0f      0x26e ./Drivers/STM32F4xx_HAL_Driver/Src/stm32f4xx_hal_spi.o
 .debug_abbrev  0x0000000000001d7d      0x26f ./Drivers/STM32F4xx_HAL_Driver/Src/stm32f4xx_hal_tim.o
 .debug_abbrev  0x0000000000001fec      0x277 ./Drivers/STM32F4xx_HAL_Driver/Src/stm32f4xx_hal_tim_ex.o
 .debug_abbrev  0x0000000000002263      0x2fc ./Drivers/STM32F4xx_HAL_Driver/Src/stm32f4xx_hal_uart.o

.debug_aranges  0x0000000000000000      0xe60
 .debug_aranges
                0x0000000000000000       0xa8 ./Core/Src/MFRC522.o
 .debug_aranges
                0x00000000000000a8       0x20 ./Core/Src/gpio.o
 .debug_aranges
                0x00000000000000c8       0x38 ./Core/Src/main.o
 .debug_aranges
                0x0000000000000100       0x30 ./Core/Src/spi.o
 .debug_aranges
                0x0000000000000130       0x20 ./Core/Src/stm32f4xx_hal_msp.o
 .debug_aranges
                0x0000000000000150       0x68 ./Core/Src/stm32f4xx_it.o
 .debug_aranges
                0x00000000000001b8       0x28 ./Core/Src/system_stm32f4xx.o
 .debug_aranges
                0x00000000000001e0       0x38 ./Core/Src/tim.o
 .debug_aranges
                0x0000000000000218       0x30 ./Core/Src/usart.o
 .debug_aranges
                0x0000000000000248       0x28 ./Core/Startup/startup_stm32f411vetx.o
 .debug_aranges
                0x0000000000000270       0xf0 ./Drivers/STM32F4xx_HAL_Driver/Src/stm32f4xx_hal.o
 .debug_aranges
                0x0000000000000360      0x118 ./Drivers/STM32F4xx_HAL_Driver/Src/stm32f4xx_hal_cortex.o
 .debug_aranges
                0x0000000000000478       0x58 ./Drivers/STM32F4xx_HAL_Driver/Src/stm32f4xx_hal_gpio.o
 .debug_aranges
                0x00000000000004d0       0x88 ./Drivers/STM32F4xx_HAL_Driver/Src/stm32f4xx_hal_rcc.o
 .debug_aranges
                0x0000000000000558      0x1d0 ./Drivers/STM32F4xx_HAL_Driver/Src/stm32f4xx_hal_spi.o
 .debug_aranges
                0x0000000000000728      0x3d0 ./Drivers/STM32F4xx_HAL_Driver/Src/stm32f4xx_hal_tim.o
 .debug_aranges
                0x0000000000000af8      0x168 ./Drivers/STM32F4xx_HAL_Driver/Src/stm32f4xx_hal_tim_ex.o
 .debug_aranges
                0x0000000000000c60      0x200 ./Drivers/STM32F4xx_HAL_Driver/Src/stm32f4xx_hal_uart.o

.debug_ranges   0x0000000000000000      0xd78
 .debug_ranges  0x0000000000000000       0x98 ./Core/Src/MFRC522.o
 .debug_ranges  0x0000000000000098       0x10 ./Core/Src/gpio.o
 .debug_ranges  0x00000000000000a8       0x28 ./Core/Src/main.o
 .debug_ranges  0x00000000000000d0       0x20 ./Core/Src/spi.o
 .debug_ranges  0x00000000000000f0       0x10 ./Core/Src/stm32f4xx_hal_msp.o
 .debug_ranges  0x0000000000000100       0x58 ./Core/Src/stm32f4xx_it.o
 .debug_ranges  0x0000000000000158       0x18 ./Core/Src/system_stm32f4xx.o
 .debug_ranges  0x0000000000000170       0x28 ./Core/Src/tim.o
 .debug_ranges  0x0000000000000198       0x20 ./Core/Src/usart.o
 .debug_ranges  0x00000000000001b8       0x20 ./Core/Startup/startup_stm32f411vetx.o
 .debug_ranges  0x00000000000001d8       0xe0 ./Drivers/STM32F4xx_HAL_Driver/Src/stm32f4xx_hal.o
 .debug_ranges  0x00000000000002b8      0x108 ./Drivers/STM32F4xx_HAL_Driver/Src/stm32f4xx_hal_cortex.o
 .debug_ranges  0x00000000000003c0       0x48 ./Drivers/STM32F4xx_HAL_Driver/Src/stm32f4xx_hal_gpio.o
 .debug_ranges  0x0000000000000408       0x78 ./Drivers/STM32F4xx_HAL_Driver/Src/stm32f4xx_hal_rcc.o
 .debug_ranges  0x0000000000000480      0x1c0 ./Drivers/STM32F4xx_HAL_Driver/Src/stm32f4xx_hal_spi.o
 .debug_ranges  0x0000000000000640      0x3c0 ./Drivers/STM32F4xx_HAL_Driver/Src/stm32f4xx_hal_tim.o
 .debug_ranges  0x0000000000000a00      0x158 ./Drivers/STM32F4xx_HAL_Driver/Src/stm32f4xx_hal_tim_ex.o
 .debug_ranges  0x0000000000000b58      0x220 ./Drivers/STM32F4xx_HAL_Driver/Src/stm32f4xx_hal_uart.o

.debug_macro    0x0000000000000000    0x17e98
 .debug_macro   0x0000000000000000      0x3c5 ./Core/Src/MFRC522.o
 .debug_macro   0x00000000000003c5      0xaa8 ./Core/Src/MFRC522.o
 .debug_macro   0x0000000000000e6d       0x18 ./Core/Src/MFRC522.o
 .debug_macro   0x0000000000000e85       0x22 ./Core/Src/MFRC522.o
 .debug_macro   0x0000000000000ea7       0x4c ./Core/Src/MFRC522.o
 .debug_macro   0x0000000000000ef3       0x94 ./Core/Src/MFRC522.o
 .debug_macro   0x0000000000000f87       0x3c ./Core/Src/MFRC522.o
 .debug_macro   0x0000000000000fc3       0x34 ./Core/Src/MFRC522.o
 .debug_macro   0x0000000000000ff7       0x16 ./Core/Src/MFRC522.o
 .debug_macro   0x000000000000100d      0x10e ./Core/Src/MFRC522.o
 .debug_macro   0x000000000000111b       0x8d ./Core/Src/MFRC522.o
 .debug_macro   0x00000000000011a8       0x16 ./Core/Src/MFRC522.o
 .debug_macro   0x00000000000011be       0x43 ./Core/Src/MFRC522.o
 .debug_macro   0x0000000000001201       0x57 ./Core/Src/MFRC522.o
 .debug_macro   0x0000000000001258       0x34 ./Core/Src/MFRC522.o
 .debug_macro   0x000000000000128c       0x10 ./Core/Src/MFRC522.o
 .debug_macro   0x000000000000129c       0x58 ./Core/Src/MFRC522.o
 .debug_macro   0x00000000000012f4       0x71 ./Core/Src/MFRC522.o
 .debug_macro   0x0000000000001365       0x1c ./Core/Src/MFRC522.o
 .debug_macro   0x0000000000001381      0x12a ./Core/Src/MFRC522.o
 .debug_macro   0x00000000000014ab      0x339 ./Core/Src/MFRC522.o
 .debug_macro   0x00000000000017e4       0x16 ./Core/Src/MFRC522.o
 .debug_macro   0x00000000000017fa       0x29 ./Core/Src/MFRC522.o
 .debug_macro   0x0000000000001823       0x1c ./Core/Src/MFRC522.o
 .debug_macro   0x000000000000183f       0x35 ./Core/Src/MFRC522.o
 .debug_macro   0x0000000000001874       0x10 ./Core/Src/MFRC522.o
 .debug_macro   0x0000000000001884       0x10 ./Core/Src/MFRC522.o
 .debug_macro   0x0000000000001894       0x6a ./Core/Src/MFRC522.o
 .debug_macro   0x00000000000018fe       0x1c ./Core/Src/MFRC522.o
 .debug_macro   0x000000000000191a       0x52 ./Core/Src/MFRC522.o
 .debug_macro   0x000000000000196c       0x22 ./Core/Src/MFRC522.o
 .debug_macro   0x000000000000198e       0x10 ./Core/Src/MFRC522.o
 .debug_macro   0x000000000000199e       0x40 ./Core/Src/MFRC522.o
 .debug_macro   0x00000000000019de       0xd5 ./Core/Src/MFRC522.o
 .debug_macro   0x0000000000001ab3       0x1c ./Core/Src/MFRC522.o
 .debug_macro   0x0000000000001acf       0x3d ./Core/Src/MFRC522.o
 .debug_macro   0x0000000000001b0c       0x16 ./Core/Src/MFRC522.o
 .debug_macro   0x0000000000001b22      0x145 ./Core/Src/MFRC522.o
 .debug_macro   0x0000000000001c67       0x16 ./Core/Src/MFRC522.o
 .debug_macro   0x0000000000001c7d       0x20 ./Core/Src/MFRC522.o
 .debug_macro   0x0000000000001c9d      0x103 ./Core/Src/MFRC522.o
 .debug_macro   0x0000000000001da0      0x1e5 ./Core/Src/MFRC522.o
 .debug_macro   0x0000000000001f85      0x460 ./Core/Src/MFRC522.o
 .debug_macro   0x00000000000023e5      0x2a1 ./Core/Src/MFRC522.o
 .debug_macro   0x0000000000002686       0x2e ./Core/Src/MFRC522.o
 .debug_macro   0x00000000000026b4       0x28 ./Core/Src/MFRC522.o
 .debug_macro   0x00000000000026dc       0x1c ./Core/Src/MFRC522.o
 .debug_macro   0x00000000000026f8       0x22 ./Core/Src/MFRC522.o
 .debug_macro   0x000000000000271a       0xd9 ./Core/Src/MFRC522.o
 .debug_macro   0x00000000000027f3     0x102d ./Core/Src/MFRC522.o
 .debug_macro   0x0000000000003820      0x11f ./Core/Src/MFRC522.o
 .debug_macro   0x000000000000393f     0xb953 ./Core/Src/MFRC522.o
 .debug_macro   0x000000000000f292       0x6d ./Core/Src/MFRC522.o
 .debug_macro   0x000000000000f2ff     0x3666 ./Core/Src/MFRC522.o
 .debug_macro   0x0000000000012965       0x56 ./Core/Src/MFRC522.o
 .debug_macro   0x00000000000129bb      0x447 ./Core/Src/MFRC522.o
 .debug_macro   0x0000000000012e02      0x9fe ./Core/Src/MFRC522.o
 .debug_macro   0x0000000000013800      0x116 ./Core/Src/MFRC522.o
 .debug_macro   0x0000000000013916      0x11b ./Core/Src/MFRC522.o
 .debug_macro   0x0000000000013a31       0xa5 ./Core/Src/MFRC522.o
 .debug_macro   0x0000000000013ad6      0x15f ./Core/Src/MFRC522.o
 .debug_macro   0x0000000000013c35      0x287 ./Core/Src/MFRC522.o
 .debug_macro   0x0000000000013ebc       0x5f ./Core/Src/MFRC522.o
 .debug_macro   0x0000000000013f1b      0x236 ./Core/Src/MFRC522.o
 .debug_macro   0x0000000000014151      0x132 ./Core/Src/MFRC522.o
 .debug_macro   0x0000000000014283      0x264 ./Core/Src/MFRC522.o
 .debug_macro   0x00000000000144e7       0x2e ./Core/Src/MFRC522.o
 .debug_macro   0x0000000000014515      0x11a ./Core/Src/MFRC522.o
 .debug_macro   0x000000000001462f       0x85 ./Core/Src/MFRC522.o
 .debug_macro   0x00000000000146b4       0x89 ./Core/Src/MFRC522.o
 .debug_macro   0x000000000001473d      0x225 ./Core/Src/MFRC522.o
 .debug_macro   0x0000000000014962      0x8d1 ./Core/Src/MFRC522.o
 .debug_macro   0x0000000000015233       0x47 ./Core/Src/MFRC522.o
 .debug_macro   0x000000000001527a      0x295 ./Core/Src/MFRC522.o
 .debug_macro   0x000000000001550f      0x126 ./Core/Src/MFRC522.o
 .debug_macro   0x0000000000015635       0x1c ./Core/Src/MFRC522.o
 .debug_macro   0x0000000000015651      0x214 ./Core/Src/MFRC522.o
 .debug_macro   0x0000000000015865      0x1f1 ./Core/Src/gpio.o
 .debug_macro   0x0000000000015a56      0x3b5 ./Core/Src/main.o
 .debug_macro   0x0000000000015e0b       0x52 ./Core/Src/main.o
 .debug_macro   0x0000000000015e5d      0x333 ./Core/Src/main.o
 .debug_macro   0x0000000000016190       0x10 ./Core/Src/main.o
 .debug_macro   0x00000000000161a0      0x21a ./Core/Src/main.o
 .debug_macro   0x00000000000163ba      0x1f1 ./Core/Src/spi.o
 .debug_macro   0x00000000000165ab      0x1e7 ./Core/Src/stm32f4xx_hal_msp.o
 .debug_macro   0x0000000000016792      0x1f1 ./Core/Src/stm32f4xx_it.o
 .debug_macro   0x0000000000016983      0x1d8 ./Core/Src/system_stm32f4xx.o
 .debug_macro   0x0000000000016b5b      0x1f1 ./Core/Src/tim.o
 .debug_macro   0x0000000000016d4c      0x1f1 ./Core/Src/usart.o
 .debug_macro   0x0000000000016f3d      0x238 ./Drivers/STM32F4xx_HAL_Driver/Src/stm32f4xx_hal.o
 .debug_macro   0x0000000000017175      0x1d8 ./Drivers/STM32F4xx_HAL_Driver/Src/stm32f4xx_hal_cortex.o
 .debug_macro   0x000000000001734d      0x1de ./Drivers/STM32F4xx_HAL_Driver/Src/stm32f4xx_hal_gpio.o
 .debug_macro   0x000000000001752b      0x1fc ./Drivers/STM32F4xx_HAL_Driver/Src/stm32f4xx_hal_rcc.o
 .debug_macro   0x0000000000017727      0x1e7 ./Drivers/STM32F4xx_HAL_Driver/Src/stm32f4xx_hal_spi.o
 .debug_macro   0x000000000001790e      0x1d9 ./Drivers/STM32F4xx_HAL_Driver/Src/stm32f4xx_hal_tim.o
 .debug_macro   0x0000000000017ae7      0x1d8 ./Drivers/STM32F4xx_HAL_Driver/Src/stm32f4xx_hal_tim_ex.o
 .debug_macro   0x0000000000017cbf      0x1d9 ./Drivers/STM32F4xx_HAL_Driver/Src/stm32f4xx_hal_uart.o

.debug_line     0x0000000000000000    0x10e87
 .debug_line    0x0000000000000000      0xdeb ./Core/Src/MFRC522.o
 .debug_line    0x0000000000000deb      0x6ee ./Core/Src/gpio.o
 .debug_line    0x00000000000014d9      0x9eb ./Core/Src/main.o
 .debug_line    0x0000000000001ec4      0x761 ./Core/Src/spi.o
 .debug_line    0x0000000000002625      0x6dd ./Core/Src/stm32f4xx_hal_msp.o
 .debug_line    0x0000000000002d02      0x7b8 ./Core/Src/stm32f4xx_it.o
 .debug_line    0x00000000000034ba      0x75f ./Core/Src/system_stm32f4xx.o
 .debug_line    0x0000000000003c19      0x79d ./Core/Src/tim.o
 .debug_line    0x00000000000043b6      0x747 ./Core/Src/usart.o
 .debug_line    0x0000000000004afd       0x88 ./Core/Startup/startup_stm32f411vetx.o
 .debug_line    0x0000000000004b85      0x9c5 ./Drivers/STM32F4xx_HAL_Driver/Src/stm32f4xx_hal.o
 .debug_line    0x000000000000554a      0xc74 ./Drivers/STM32F4xx_HAL_Driver/Src/stm32f4xx_hal_cortex.o
 .debug_line    0x00000000000061be      0xaff ./Drivers/STM32F4xx_HAL_Driver/Src/stm32f4xx_hal_gpio.o
 .debug_line    0x0000000000006cbd      0xd41 ./Drivers/STM32F4xx_HAL_Driver/Src/stm32f4xx_hal_rcc.o
 .debug_line    0x00000000000079fe     0x1c4d ./Drivers/STM32F4xx_HAL_Driver/Src/stm32f4xx_hal_spi.o
 .debug_line    0x000000000000964b     0x3493 ./Drivers/STM32F4xx_HAL_Driver/Src/stm32f4xx_hal_tim.o
 .debug_line    0x000000000000cade     0x195d ./Drivers/STM32F4xx_HAL_Driver/Src/stm32f4xx_hal_tim_ex.o
 .debug_line    0x000000000000e43b     0x2a4c ./Drivers/STM32F4xx_HAL_Driver/Src/stm32f4xx_hal_uart.o

.debug_str      0x0000000000000000    0x91318
 .debug_str     0x0000000000000000    0x8d9ab ./Core/Src/MFRC522.o
                                      0x8dd26 (size before relaxing)
 .debug_str     0x000000000008d9ab      0x187 ./Core/Src/gpio.o
                                      0x8846d (size before relaxing)
 .debug_str     0x000000000008db32      0x5b3 ./Core/Src/main.o
                                      0x8d0f6 (size before relaxing)
 .debug_str     0x000000000008e0e5       0x4b ./Core/Src/spi.o
                                      0x884a1 (size before relaxing)
 .debug_str     0x000000000008e130       0x2c ./Core/Src/stm32f4xx_hal_msp.o
                                      0x883e9 (size before relaxing)
 .debug_str     0x000000000008e15c       0xcd ./Core/Src/stm32f4xx_it.o
                                      0x88650 (size before relaxing)
 .debug_str     0x000000000008e229       0xaf ./Core/Src/system_stm32f4xx.o
                                      0x87fb3 (size before relaxing)
 .debug_str     0x000000000008e2d8      0x491 ./Core/Src/tim.o
                                      0x88b77 (size before relaxing)
 .debug_str     0x000000000008e769       0x57 ./Core/Src/usart.o
                                      0x88639 (size before relaxing)
 .debug_str     0x000000000008e7c0       0x36 ./Core/Startup/startup_stm32f411vetx.o
                                         0x62 (size before relaxing)
 .debug_str     0x000000000008e7f6      0x583 ./Drivers/STM32F4xx_HAL_Driver/Src/stm32f4xx_hal.o
                                      0x8893d (size before relaxing)
 .debug_str     0x000000000008ed79      0x399 ./Drivers/STM32F4xx_HAL_Driver/Src/stm32f4xx_hal_cortex.o
                                      0x8871a (size before relaxing)
 .debug_str     0x000000000008f112      0x15f ./Drivers/STM32F4xx_HAL_Driver/Src/stm32f4xx_hal_gpio.o
                                      0x8815a (size before relaxing)
 .debug_str     0x000000000008f271      0x259 ./Drivers/STM32F4xx_HAL_Driver/Src/stm32f4xx_hal_rcc.o
                                      0x883b5 (size before relaxing)
 .debug_str     0x000000000008f4ca      0x57f ./Drivers/STM32F4xx_HAL_Driver/Src/stm32f4xx_hal_spi.o
                                      0x88845 (size before relaxing)
 .debug_str     0x000000000008fa49      0xdeb ./Drivers/STM32F4xx_HAL_Driver/Src/stm32f4xx_hal_tim.o
                                      0x892d0 (size before relaxing)
 .debug_str     0x0000000000090834      0x4ee ./Drivers/STM32F4xx_HAL_Driver/Src/stm32f4xx_hal_tim_ex.o
                                      0x88a81 (size before relaxing)
 .debug_str     0x0000000000090d22      0x5f6 ./Drivers/STM32F4xx_HAL_Driver/Src/stm32f4xx_hal_uart.o
                                      0x88929 (size before relaxing)

.comment        0x0000000000000000       0x53
 .comment       0x0000000000000000       0x53 ./Core/Src/MFRC522.o
                                         0x54 (size before relaxing)
 .comment       0x0000000000000053       0x54 ./Core/Src/gpio.o
 .comment       0x0000000000000053       0x54 ./Core/Src/main.o
 .comment       0x0000000000000053       0x54 ./Core/Src/spi.o
 .comment       0x0000000000000053       0x54 ./Core/Src/stm32f4xx_hal_msp.o
 .comment       0x0000000000000053       0x54 ./Core/Src/stm32f4xx_it.o
 .comment       0x0000000000000053       0x54 ./Core/Src/system_stm32f4xx.o
 .comment       0x0000000000000053       0x54 ./Core/Src/tim.o
 .comment       0x0000000000000053       0x54 ./Core/Src/usart.o
 .comment       0x0000000000000053       0x54 ./Drivers/STM32F4xx_HAL_Driver/Src/stm32f4xx_hal.o
 .comment       0x0000000000000053       0x54 ./Drivers/STM32F4xx_HAL_Driver/Src/stm32f4xx_hal_cortex.o
 .comment       0x0000000000000053       0x54 ./Drivers/STM32F4xx_HAL_Driver/Src/stm32f4xx_hal_gpio.o
 .comment       0x0000000000000053       0x54 ./Drivers/STM32F4xx_HAL_Driver/Src/stm32f4xx_hal_rcc.o
 .comment       0x0000000000000053       0x54 ./Drivers/STM32F4xx_HAL_Driver/Src/stm32f4xx_hal_spi.o
 .comment       0x0000000000000053       0x54 ./Drivers/STM32F4xx_HAL_Driver/Src/stm32f4xx_hal_tim.o
 .comment       0x0000000000000053       0x54 ./Drivers/STM32F4xx_HAL_Driver/Src/stm32f4xx_hal_tim_ex.o
 .comment       0x0000000000000053       0x54 ./Drivers/STM32F4xx_HAL_Driver/Src/stm32f4xx_hal_uart.o

.debug_frame    0x0000000000000000     0x3bb0
 .debug_frame   0x0000000000000000      0x280 ./Core/Src/MFRC522.o
 .debug_frame   0x0000000000000280       0x34 ./Core/Src/gpio.o
 .debug_frame   0x00000000000002b4       0x94 ./Core/Src/main.o
 .debug_frame   0x0000000000000348       0x74 ./Core/Src/spi.o
 .debug_frame   0x00000000000003bc       0x38 ./Core/Src/stm32f4xx_hal_msp.o
 .debug_frame   0x00000000000003f4      0x120 ./Core/Src/stm32f4xx_it.o
 .debug_frame   0x0000000000000514       0x58 ./Core/Src/system_stm32f4xx.o
 .debug_frame   0x000000000000056c       0x98 ./Core/Src/tim.o
 .debug_frame   0x0000000000000604       0x74 ./Core/Src/usart.o
 .debug_frame   0x0000000000000678      0x374 ./Drivers/STM32F4xx_HAL_Driver/Src/stm32f4xx_hal.o
 .debug_frame   0x00000000000009ec      0x498 ./Drivers/STM32F4xx_HAL_Driver/Src/stm32f4xx_hal_cortex.o
 .debug_frame   0x0000000000000e84      0x14c ./Drivers/STM32F4xx_HAL_Driver/Src/stm32f4xx_hal_gpio.o
 .debug_frame   0x0000000000000fd0      0x1f0 ./Drivers/STM32F4xx_HAL_Driver/Src/stm32f4xx_hal_rcc.o
 .debug_frame   0x00000000000011c0      0x824 ./Drivers/STM32F4xx_HAL_Driver/Src/stm32f4xx_hal_spi.o
 .debug_frame   0x00000000000019e4     0x11bc ./Drivers/STM32F4xx_HAL_Driver/Src/stm32f4xx_hal_tim.o
 .debug_frame   0x0000000000002ba0      0x638 ./Drivers/STM32F4xx_HAL_Driver/Src/stm32f4xx_hal_tim_ex.o
 .debug_frame   0x00000000000031d8      0x92c ./Drivers/STM32F4xx_HAL_Driver/Src/stm32f4xx_hal_uart.o
 .debug_frame   0x0000000000003b04       0x2c c:/st/stm32cubeide_1.8.0/stm32cubeide/plugins/com.st.stm32cube.ide.mcu.externaltools.gnu-tools-for-stm32.9-2020-q2-update.win32_2.0.0.202105311346/tools/bin/../lib/gcc/arm-none-eabi/9.3.1/../../../../arm-none-eabi/lib/thumb/v7e-m+fp/hard\libc_nano.a(lib_a-init.o)
 .debug_frame   0x0000000000003b30       0x20 c:/st/stm32cubeide_1.8.0/stm32cubeide/plugins/com.st.stm32cube.ide.mcu.externaltools.gnu-tools-for-stm32.9-2020-q2-update.win32_2.0.0.202105311346/tools/bin/../lib/gcc/arm-none-eabi/9.3.1/../../../../arm-none-eabi/lib/thumb/v7e-m+fp/hard\libc_nano.a(lib_a-memset.o)
 .debug_frame   0x0000000000003b50       0x2c c:/st/stm32cubeide_1.8.0/stm32cubeide/plugins/com.st.stm32cube.ide.mcu.externaltools.gnu-tools-for-stm32.9-2020-q2-update.win32_2.0.0.202105311346/tools/bin/../lib/gcc/arm-none-eabi/9.3.1/thumb/v7e-m+fp/hard\libgcc.a(_aeabi_uldivmod.o)
 .debug_frame   0x0000000000003b7c       0x34 c:/st/stm32cubeide_1.8.0/stm32cubeide/plugins/com.st.stm32cube.ide.mcu.externaltools.gnu-tools-for-stm32.9-2020-q2-update.win32_2.0.0.202105311346/tools/bin/../lib/gcc/arm-none-eabi/9.3.1/thumb/v7e-m+fp/hard\libgcc.a(_udivmoddi4.o)
